BL51 BANKED LINKER/LOCATER V6.22                                                        01/18/2021  13:48:16  PAGE 1


BL51 BANKED LINKER/LOCATER V6.22, INVOKED BY:
D:\CCCC2020\TOOL\KEIL\C51\BIN\BL51.EXE .\Objects\STARTUP.obj, .\Objects\HC-MCU-XBR.obj, .\Objects\mcu_api.obj, .\Objects
>> \protocol.obj, .\Objects\system.obj TO .\Objects\HC-MCU-XBR PRINT (.\Listings\HC-MCU-XBR.m51) RAMSIZE (256) DISABLEWA
>> RNING (16, 1, 2) CODE (0X0000-0X3FFF, ?PR?_FLASH_WRITEDATA?HC_MCU_XBR (0X2CC0), ?PR?_FLASH_ERASEBLOCK?HC_MCU_XBR (0X2
>> D00)) XDATA (0X0000-0X00FF)


MEMORY MODEL: SMALL WITH FLOATING POINT ARITHMETIC


INPUT MODULES INCLUDED:
  .\Objects\STARTUP.obj (?C_STARTUP)
  .\Objects\HC-MCU-XBR.obj (HC_MCU_XBR)
  .\Objects\mcu_api.obj (MCU_API)
  .\Objects\protocol.obj (PROTOCOL)
  .\Objects\system.obj (SYSTEM)
  D:\CCCC2020\TOOL\KEIL\C51\LIB\C51FPS.LIB (?C?FPADD)
  D:\CCCC2020\TOOL\KEIL\C51\LIB\C51FPS.LIB (?C?FPDIV)
  D:\CCCC2020\TOOL\KEIL\C51\LIB\C51FPS.LIB (?C?FCAST)
  D:\CCCC2020\TOOL\KEIL\C51\LIB\C51FPS.LIB (?C?CASTF)
  D:\CCCC2020\TOOL\KEIL\C51\LIB\C51FPS.LIB (?C?FPGETOPN)
  D:\CCCC2020\TOOL\KEIL\C51\LIB\C51S.LIB (?C_INIT)
  D:\CCCC2020\TOOL\KEIL\C51\LIB\C51S.LIB (?C?CLDPTR)
  D:\CCCC2020\TOOL\KEIL\C51\LIB\C51S.LIB (?C?CLDOPTR)
  D:\CCCC2020\TOOL\KEIL\C51\LIB\C51S.LIB (?C?CSTPTR)
  D:\CCCC2020\TOOL\KEIL\C51\LIB\C51S.LIB (?C?CSTOPTR)
  D:\CCCC2020\TOOL\KEIL\C51\LIB\C51S.LIB (?C?IMUL)
  D:\CCCC2020\TOOL\KEIL\C51\LIB\C51S.LIB (?C?IILDX)
  D:\CCCC2020\TOOL\KEIL\C51\LIB\C51S.LIB (?C?LADD)
  D:\CCCC2020\TOOL\KEIL\C51\LIB\C51S.LIB (?C?LSUB)
  D:\CCCC2020\TOOL\KEIL\C51\LIB\C51S.LIB (?C?LMUL)
  D:\CCCC2020\TOOL\KEIL\C51\LIB\C51S.LIB (?C?ULDIV)
  D:\CCCC2020\TOOL\KEIL\C51\LIB\C51S.LIB (?C?LNEG)
  D:\CCCC2020\TOOL\KEIL\C51\LIB\C51S.LIB (?C?SLCMP)
  D:\CCCC2020\TOOL\KEIL\C51\LIB\C51S.LIB (?C?ULCMP)
  D:\CCCC2020\TOOL\KEIL\C51\LIB\C51S.LIB (?C?ULSHR)
  D:\CCCC2020\TOOL\KEIL\C51\LIB\C51S.LIB (?C?LSHL)
  D:\CCCC2020\TOOL\KEIL\C51\LIB\C51S.LIB (?C?LLDXDATA)
  D:\CCCC2020\TOOL\KEIL\C51\LIB\C51S.LIB (?C?LLDXDATA0)
  D:\CCCC2020\TOOL\KEIL\C51\LIB\C51S.LIB (?C?LSTXDATA)
  D:\CCCC2020\TOOL\KEIL\C51\LIB\C51S.LIB (?C?LSTKXDATA)
  D:\CCCC2020\TOOL\KEIL\C51\LIB\C51S.LIB (?C?OFFXADD)
  D:\CCCC2020\TOOL\KEIL\C51\LIB\C51S.LIB (?C?PLDIIDATA)
  D:\CCCC2020\TOOL\KEIL\C51\LIB\C51S.LIB (?C?CCASE)


LINK MAP OF MODULE:  .\Objects\HC-MCU-XBR (?C_STARTUP)


            TYPE    BASE      LENGTH    RELOCATION   SEGMENT NAME
            -----------------------------------------------------

            * * * * * * *   D A T A   M E M O R Y   * * * * * * *
            REG     0000H     0008H     ABSOLUTE     "REG BANK 0"
            DATA    0008H     0032H     UNIT         _DATA_GROUP_
            DATA    003AH     000EH     UNIT         ?DT?SYSTEM
            DATA    0048H     0009H     UNIT         ?DT?_MY_STRCPY?MCU_API
            DATA    0051H     0007H     UNIT         ?DT?_FLASH_WRITEARR?HC_MCU_XBR
BL51 BANKED LINKER/LOCATER V6.22                                                      01/18/2021  13:48:16  PAGE 2


            DATA    0058H     0006H     UNIT         ?DT?_MY_STRCMP?MCU_API
            DATA    005EH     0006H     UNIT         ?DT?_MCU_DP_RAW_UPDATE?MCU_API
            DATA    0064H     0006H     UNIT         ?DT?_MCU_DP_STRING_UPDATE?MCU_API
            DATA    006AH     0005H     UNIT         ?DT?_MCU_DP_BITMAP_UPDATE?MCU_API
            DATA    006FH     0005H     UNIT         ?DT?_MCU_DP_FAULT_UPDATE?MCU_API
            DATA    0074H     0004H     UNIT         ?DT?HC_MCU_XBR
            DATA    0078H     0004H     UNIT         ?DT?_INT_TO_BYTE?MCU_API
            DATA    007CH     0002H     UNIT         ?DT?MCU_API
            DATA    007EH     0001H     UNIT         ?DT?ZIGBEE_TEST_RESULT?PROTOCOL
            IDATA   007FH     000CH     UNIT         ?ID?HC_MCU_XBR
            IDATA   008BH     0001H     UNIT         ?STACK

            * * * * * * *  X D A T A   M E M O R Y  * * * * * * *
            XDATA   0000H     007CH     UNIT         ?XD?SYSTEM
            XDATA   007CH     0062H     UNIT         ?XD?HC_MCU_XBR
            XDATA   00DEH     0021H     UNIT         ?XD?PROTOCOL
                    00FFH     FD81H                  *** GAP ***
            XDATA   FE80H     0001H     ABSOLUTE     
                    FE81H     0004H                  *** GAP ***
            XDATA   FE85H     0001H     ABSOLUTE     
                    FE86H     0002H                  *** GAP ***
            XDATA   FE88H     0001H     ABSOLUTE     
            XDATA   FE89H     0001H     ABSOLUTE     
            XDATA   FE8AH     0001H     ABSOLUTE     
                    FE8BH     0006H                  *** GAP ***
            XDATA   FE91H     0001H     ABSOLUTE     
            XDATA   FE92H     0001H     ABSOLUTE     
            XDATA   FE93H     0001H     ABSOLUTE     
            XDATA   FE94H     0001H     ABSOLUTE     
            XDATA   FE95H     0001H     ABSOLUTE     
                    FE96H     0002H                  *** GAP ***
            XDATA   FE98H     0001H     ABSOLUTE     
                    FE99H     0002H                  *** GAP ***
            XDATA   FE9BH     0001H     ABSOLUTE     
                    FE9CH     0004H                  *** GAP ***
            XDATA   FEA0H     0001H     ABSOLUTE     
                    FEA1H     0001H                  *** GAP ***
            XDATA   FEA2H     0001H     ABSOLUTE     
                    FEA3H     0001H                  *** GAP ***
            XDATA   FEA4H     0001H     ABSOLUTE     
            XDATA   FEA5H     0001H     ABSOLUTE     
                    FEA6H     0001H                  *** GAP ***
            XDATA   FEA7H     0001H     ABSOLUTE     
                    FEA8H     0002H                  *** GAP ***
            XDATA   FEAAH     0001H     ABSOLUTE     
                    FEABH     0005H                  *** GAP ***
            XDATA   FEB0H     0001H     ABSOLUTE     
            XDATA   FEB1H     0001H     ABSOLUTE     
            XDATA   FEB2H     0001H     ABSOLUTE     
            XDATA   FEB3H     0001H     ABSOLUTE     
                    FEB4H     0004H                  *** GAP ***
            XDATA   FEB8H     0001H     ABSOLUTE     
            XDATA   FEB9H     0001H     ABSOLUTE     
                    FEBAH     0002H                  *** GAP ***
            XDATA   FEBCH     0001H     ABSOLUTE     
                    FEBDH     0043H                  *** GAP ***
            XDATA   FF00H     0001H     ABSOLUTE     
BL51 BANKED LINKER/LOCATER V6.22                                                      01/18/2021  13:48:16  PAGE 3


            XDATA   FF01H     0001H     ABSOLUTE     
            XDATA   FF02H     0001H     ABSOLUTE     
            XDATA   FF03H     0001H     ABSOLUTE     
                    FF04H     0001H                  *** GAP ***
            XDATA   FF05H     0001H     ABSOLUTE     
                    FF06H     0002H                  *** GAP ***
            XDATA   FF08H     0001H     ABSOLUTE     
                    FF09H     0007H                  *** GAP ***
            XDATA   FF10H     0001H     ABSOLUTE     
            XDATA   FF11H     0001H     ABSOLUTE     
            XDATA   FF12H     0001H     ABSOLUTE     
            XDATA   FF13H     0001H     ABSOLUTE     
                    FF14H     002CH                  *** GAP ***
            XDATA   FF40H     0001H     ABSOLUTE     
            XDATA   FF41H     0001H     ABSOLUTE     
            XDATA   FF42H     0001H     ABSOLUTE     
                    FF43H     003DH                  *** GAP ***
            XDATA   FF80H     0001H     ABSOLUTE     
            XDATA   FF81H     0001H     ABSOLUTE     
                    FF82H     0001H                  *** GAP ***
            XDATA   FF83H     0001H     ABSOLUTE     
            XDATA   FF84H     0001H     ABSOLUTE     
            XDATA   FF85H     0001H     ABSOLUTE     
                    FF86H     0009H                  *** GAP ***
            XDATA   FF8FH     0001H     ABSOLUTE     
            XDATA   FF90H     0001H     ABSOLUTE     
            XDATA   FF91H     0001H     ABSOLUTE     
                    FF92H     0002H                  *** GAP ***
            XDATA   FF94H     0001H     ABSOLUTE     
            XDATA   FF95H     0001H     ABSOLUTE     
                    FF96H     0002H                  *** GAP ***
            XDATA   FF98H     0001H     ABSOLUTE     
            XDATA   FF99H     0001H     ABSOLUTE     
                    FF9AH     0002H                  *** GAP ***
            XDATA   FF9CH     0001H     ABSOLUTE     
                    FF9DH     0003H                  *** GAP ***
            XDATA   FFA0H     0001H     ABSOLUTE     
            XDATA   FFA1H     0001H     ABSOLUTE     
                    FFA2H     0002H                  *** GAP ***
            XDATA   FFA4H     0001H     ABSOLUTE     
            XDATA   FFA5H     0001H     ABSOLUTE     
            XDATA   FFA6H     0001H     ABSOLUTE     
            XDATA   FFA7H     0001H     ABSOLUTE     
            XDATA   FFA8H     0001H     ABSOLUTE     
            XDATA   FFA9H     0001H     ABSOLUTE     

            * * * * * * *   C O D E   M E M O R Y   * * * * * * *
            CODE    0000H     0003H     ABSOLUTE     
            CODE    0003H     0017H     UNIT         ?PR?INITSYS?HC_MCU_XBR
            CODE    001AH     0001H     UNIT         ?PR?UART2_RPT?HC_MCU_XBR
            CODE    001BH     0003H     ABSOLUTE     
            CODE    001EH     0003H     UNIT         ?PR?RESET_BT_MODULE?PROTOCOL
            CODE    0021H     0001H     UNIT         ?PR?ALL_DATA_UPDATE?PROTOCOL
            CODE    0022H     0001H     UNIT         ?PR?_MCU_RESET_ZIGBEE_EVENT?PROTOCOL
            CODE    0023H     0003H     ABSOLUTE     
            CODE    0026H     0013H     UNIT         ?PR?ZIGBEE_PROTOCOL_INIT?MCU_API
                    0039H     0002H                  *** GAP ***
BL51 BANKED LINKER/LOCATER V6.22                                                      01/18/2021  13:48:16  PAGE 4


            CODE    003BH     0003H     ABSOLUTE     
            CODE    003EH     0523H     UNIT         ?C?LIB_CODE
            CODE    0561H     0513H     UNIT         ?PR?XBRHANDLE?HC_MCU_XBR
            CODE    0A74H     0239H     UNIT         ?PR?MAIN?HC_MCU_XBR
            CODE    0CADH     0191H     UNIT         ?PR?ZIGBEE_UART_SERVICE?MCU_API
            CODE    0E3EH     0162H     UNIT         ?PR?_RESPONSE_MCU_OTA_NOTIFY_EVENT?PROTOCOL
            CODE    0FA0H     0148H     UNIT         ?PR?_DATA_HANDLE?SYSTEM
            CODE    10E8H     0134H     UNIT         ?PR?SET_VAR?HC_MCU_XBR
            CODE    121CH     0127H     UNIT         ?PR?HC_MCU_XBR
            CODE    1343H     011CH     UNIT         ?C_INITSEG
            CODE    145FH     00C9H     UNIT         ?PR?_MCU_DP_FAULT_UPDATE?MCU_API
            CODE    1528H     00C7H     UNIT         ?PR?_MCU_DP_BITMAP_UPDATE?MCU_API
            CODE    15EFH     00C5H     UNIT         ?PR?_MY_MEMCPY?MCU_API
            CODE    16B4H     00C5H     UNIT         ?PR?MCU_API
            CODE    1779H     00BBH     UNIT         ?PR?TIMER1_RPT?HC_MCU_XBR
            CODE    1834H     00ACH     UNIT         ?PR?_DP_DOWNLOAD_HANDLE?PROTOCOL
            CODE    18E0H     009DH     UNIT         ?PR?PRODUCT_INFO_UPDATE?SYSTEM
            CODE    197DH     0091H     UNIT         ?PR?SAVEVAR?HC_MCU_XBR
            CODE    1A0EH     008CH     UNIT         ?C_C51STARTUP
            CODE    1A9AH     007AH     UNIT         ?PR?_PWM3INIT?HC_MCU_XBR
            CODE    1B14H     0076H     UNIT         ?PR?_DP_DOWNLOAD_CDS_HANDLE?PROTOCOL
            CODE    1B8AH     0074H     UNIT         ?PR?_DP_DOWNLOAD_SENSE_STRESS_HANDLE?PROTOCOL
            CODE    1BFEH     0071H     UNIT         ?PR?_HEX_TO_BCD?MCU_API
            CODE    1C6FH     006DH     UNIT         ?PR?_MCU_DP_VALUE_UPDATE?MCU_API
            CODE    1CDCH     0063H     UNIT         ?PR?_ZIGBEE_UART_WRITE_FRAME?SYSTEM
            CODE    1D3FH     0062H     UNIT         ?PR?_STRCMP_BARRY?SYSTEM
            CODE    1DA1H     005FH     UNIT         ?PR?_UART_RECEIVE_INPUT?MCU_API
            CODE    1E00H     005EH     UNIT         ?PR?WAIT1?HC_MCU_XBR
            CODE    1E5EH     005BH     UNIT         ?PR?WAIT2?HC_MCU_XBR
            CODE    1EB9H     005BH     UNIT         ?PR?_ZIGBEE_DATA_POINT_HANDLE?SYSTEM
            CODE    1F14H     004BH     UNIT         ?PR?_BYTE_TO_INT?MCU_API
            CODE    1F5FH     004BH     UNIT         ?PR?_DP_DOWNLOAD_PIR_DELAY_HANDLE?PROTOCOL
            CODE    1FAAH     0048H     UNIT         ?PR?_FLASH_WRITEARR?HC_MCU_XBR
            CODE    1FF2H     0047H     UNIT         ?PR?UART1_RPT?HC_MCU_XBR
            CODE    2039H     0045H     UNIT         ?PR?_READ_AD?HC_MCU_XBR
            CODE    207EH     0044H     UNIT         ?PR?_MY_STRCMP?MCU_API
            CODE    20C2H     0043H     UNIT         ?PR?_MY_STRLEN?MCU_API
            CODE    2105H     0043H     UNIT         ?PR?_MCU_DP_RAW_UPDATE?MCU_API
            CODE    2148H     0043H     UNIT         ?PR?_MCU_DP_STRING_UPDATE?MCU_API
            CODE    218BH     0043H     UNIT         ?PR?_DP_DOWNLOAD_BRIGHT_VALUE_HANDLE?PROTOCOL
            CODE    21CEH     0043H     UNIT         ?PR?GET_CURRENT_MCU_FW_VER?SYSTEM
            CODE    2211H     003FH     UNIT         ?PR?_DP_DOWNLOAD_SWITCH_LED2_HANDLE?PROTOCOL
            CODE    2250H     003EH     UNIT         ?PR?_DP_DOWNLOAD_STANDBY_TIME_HANDLE?PROTOCOL
            CODE    228EH     003DH     UNIT         ?PR?_ZIGBEE_UART_WRITE_DATA?SYSTEM
            CODE    22CBH     003CH     UNIT         ?PR?_MY_STRCPY?MCU_API
            CODE    2307H     003CH     UNIT         ?PR?QUEUE_READ_BYTE?MCU_API
            CODE    2343H     003AH     UNIT         ?PR?PROTOCOL
            CODE    237DH     0038H     UNIT         ?PR?_MCU_DP_BOOL_UPDATE?MCU_API
            CODE    23B5H     0034H     UNIT         ?PR?_MY_MEMSET?MCU_API
            CODE    23E9H     0034H     UNIT         ?PR?_MCU_OTA_RESULT_REPORT?SYSTEM
            CODE    241DH     0033H     UNIT         ?PR?_INT_TO_BYTE?MCU_API
            CODE    2450H     0032H     UNIT         ?PR?_FLASH_READARR?HC_MCU_XBR
            CODE    2482H     0032H     UNIT         ?PR?_DP_DOWNLOAD_SWITCH_XBR_HANDLE?PROTOCOL
            CODE    24B4H     0031H     UNIT         ?PR?UART1_INIT?HC_MCU_XBR
            CODE    24E5H     002FH     UNIT         ?PR?_SET_ZIGBEE_UART_BUFFER?SYSTEM
            CODE    2514H     002DH     UNIT         ?PR?_MCU_DP_ENUM_UPDATE?MCU_API
            CODE    2541H     002DH     UNIT         ?PR?_GET_CHECK_SUM?SYSTEM
BL51 BANKED LINKER/LOCATER V6.22                                                      01/18/2021  13:48:16  PAGE 5


            CODE    256EH     002CH     UNIT         ?PR?_DP_DOWNLOAD_SWITCH_LINKAGE_HANDLE?PROTOCOL
            CODE    259AH     002BH     UNIT         ?PR?CURRENT_MCU_FW_PID?SYSTEM
            CODE    25C5H     0028H     UNIT         ?PR?_DELAY_MS?HC_MCU_XBR
            CODE    25EDH     0027H     UNIT         ?PR?SEQ_NUM_GET?SYSTEM
            CODE    2614H     0024H     UNIT         ?PR?_DP_DOWNLOAD_ALL_DAY_MICRO_LIGHT_HANDLE?PROTOCOL
            CODE    2638H     0023H     UNIT         ?PR?SYSTEM
            CODE    265BH     0021H     UNIT         ?PR?_GET_DOWMLOAD_DPID_INDEX?SYSTEM
            CODE    267CH     0021H     UNIT         ?CO?SYSTEM
            CODE    269DH     0020H     UNIT         ?PR?_ZIGBEE_WORK_STATE_EVENT?PROTOCOL
            CODE    26BDH     001EH     UNIT         ?PR?TIMER_INIT?HC_MCU_XBR
            CODE    26DBH     001EH     UNIT         ?PR?RESPONSE_MCU_OTA_VERSION_EVENT?PROTOCOL
            CODE    26F9H     001CH     UNIT         ?PR?GPIO_INIT?HC_MCU_XBR
            CODE    2715H     001BH     UNIT         ?PR?_DELAY_US_1?HC_MCU_XBR
            CODE    2730H     001BH     UNIT         ?PR?_DP_DOWNLOAD_CLEAR_TRIGGER_NUMBER_HANDLE?PROTOCOL
            CODE    274BH     0017H     UNIT         ?PR?ADC_INIT?HC_MCU_XBR
            CODE    2762H     0017H     UNIT         ?PR?WITH_DATA_RXBUFF?MCU_API
            CODE    2779H     0017H     UNIT         ?PR?_DP_DOWNLOAD_SWITCH_LED_HANDLE?PROTOCOL
            CODE    2790H     0016H     UNIT         ?PR?_ASSIC_TO_HEX?SYSTEM
            CODE    27A6H     0012H     UNIT         ?PR?_DELAY_US?HC_MCU_XBR
            CODE    27B8H     0012H     UNIT         ?PR?MCU_NETWORK_START?MCU_API
            CODE    27CAH     0011H     UNIT         ?PR?MCU_RESET_ZIGBEE?MCU_API
            CODE    27DBH     000EH     UNIT         ?PR?_MCU_START_ZIGBEE_TEST?MCU_API
            CODE    27E9H     000EH     UNIT         ?PR?_MCU_OTA_RESULT_EVENT?PROTOCOL
            CODE    27F7H     000DH     UNIT         ?PR?_SET_ZIGBEE_UART_BYTE?SYSTEM
            CODE    2804H     000CH     UNIT         ?PR?MCU_JOIN_ZIGBEE?SYSTEM
            CODE    2810H     000BH     UNIT         ?PR?_SEND_DATA?HC_MCU_XBR
            CODE    281BH     000BH     UNIT         ?PR?MCU_EXIT_ZIGBEE?SYSTEM
            CODE    2826H     0009H     UNIT         ?PR?_MCU_GET_DP_DOWNLOAD_BOOL?MCU_API
            CODE    282FH     0009H     UNIT         ?PR?_MCU_GET_DP_DOWNLOAD_ENUM?MCU_API
            CODE    2838H     0008H     UNIT         ?PR?_MCU_GET_DP_DOWNLOAD_VALUE?MCU_API
            CODE    2840H     0008H     UNIT         ?PR?MCU_GET_ZIGBEE_STATE?SYSTEM
            CODE    2848H     0007H     UNIT         ?PR?ZIGBEE_TEST_RESULT?PROTOCOL
            CODE    284FH     0003H     UNIT         ?PR?_UART_TRANSMIT_OUTPUT?PROTOCOL
            CODE    2852H     0003H     UNIT         ?PR?GET_DOWNLOAD_CMD_TOTAL?PROTOCOL
                    2855H     046BH                  *** GAP ***
            CODE    2CC0H     0032H     UNIT         ?PR?_FLASH_WRITEDATA?HC_MCU_XBR
                    2CF2H     000EH                  *** GAP ***
            CODE    2D00H     0030H     UNIT         ?PR?_FLASH_ERASEBLOCK?HC_MCU_XBR



OVERLAY MAP OF MODULE:   .\Objects\HC-MCU-XBR (?C_STARTUP)


SEGMENT                                            DATA_GROUP 
  +--> CALLED SEGMENT                            START    LENGTH
----------------------------------------------------------------
?C_C51STARTUP                                    -----    -----
  +--> ?PR?MAIN?HC_MCU_XBR
  +--> ?C_INITSEG

?PR?MAIN?HC_MCU_XBR                              0008H    0001H
  +--> ?PR?ZIGBEE_PROTOCOL_INIT?MCU_API
  +--> ?PR?INITSYS?HC_MCU_XBR
  +--> ?PR?GPIO_INIT?HC_MCU_XBR
  +--> ?PR?_PWM3INIT?HC_MCU_XBR
  +--> ?PR?TIMER_INIT?HC_MCU_XBR
BL51 BANKED LINKER/LOCATER V6.22                                                      01/18/2021  13:48:16  PAGE 6


  +--> ?PR?UART1_INIT?HC_MCU_XBR
  +--> ?PR?ADC_INIT?HC_MCU_XBR
  +--> ?PR?_DELAY_MS?HC_MCU_XBR
  +--> ?PR?HC_MCU_XBR
  +--> ?PR?SET_VAR?HC_MCU_XBR
  +--> ?PR?_FLASH_ERASEBLOCK?HC_MCU_XBR
  +--> ?PR?_DELAY_US_1?HC_MCU_XBR
  +--> ?PR?_FLASH_WRITEDATA?HC_MCU_XBR
  +--> ?PR?WAIT1?HC_MCU_XBR
  +--> ?PR?WAIT2?HC_MCU_XBR
  +--> ?PR?_SEND_DATA?HC_MCU_XBR
  +--> ?PR?RESET_BT_MODULE?PROTOCOL
  +--> ?PR?_MCU_DP_ENUM_UPDATE?MCU_API
  +--> ?PR?_MCU_DP_VALUE_UPDATE?MCU_API
  +--> ?PR?ZIGBEE_UART_SERVICE?MCU_API
  +--> ?PR?XBRHANDLE?HC_MCU_XBR

?PR?_PWM3INIT?HC_MCU_XBR                         000BH    0004H

?PR?ADC_INIT?HC_MCU_XBR                          -----    -----
  +--> ?PR?_DELAY_US?HC_MCU_XBR

?PR?HC_MCU_XBR                                   -----    -----
  +--> ?PR?_DELAY_US_1?HC_MCU_XBR
  +--> ?PR?_READ_AD?HC_MCU_XBR
  +--> ?PR?_FLASH_ERASEBLOCK?HC_MCU_XBR
  +--> ?PR?_FLASH_WRITEDATA?HC_MCU_XBR

?PR?_DELAY_US_1?HC_MCU_XBR                       -----    -----
  +--> ?PR?_FLASH_WRITEDATA?HC_MCU_XBR

?PR?_READ_AD?HC_MCU_XBR                          -----    -----
  +--> ?PR?_DELAY_US?HC_MCU_XBR

?PR?SET_VAR?HC_MCU_XBR                           -----    -----
  +--> ?PR?_FLASH_READARR?HC_MCU_XBR
  +--> ?PR?HC_MCU_XBR
  +--> ?PR?SAVEVAR?HC_MCU_XBR
  +--> ?PR?MCU_NETWORK_START?MCU_API

?PR?_FLASH_READARR?HC_MCU_XBR                    0009H    0005H

?PR?SAVEVAR?HC_MCU_XBR                           -----    -----
  +--> ?PR?HC_MCU_XBR
  +--> ?PR?_DELAY_US_1?HC_MCU_XBR
  +--> ?PR?_FLASH_WRITEDATA?HC_MCU_XBR

?PR?MCU_NETWORK_START?MCU_API                    -----    -----
  +--> ?PR?_SET_ZIGBEE_UART_BYTE?SYSTEM
  +--> ?PR?_ZIGBEE_UART_WRITE_FRAME?SYSTEM

?PR?_SET_ZIGBEE_UART_BYTE?SYSTEM                 -----    -----
  +--> ?PR?SYSTEM

?PR?_ZIGBEE_UART_WRITE_FRAME?SYSTEM              0032H    0002H
  +--> ?PR?SEQ_NUM_GET?SYSTEM
  +--> ?PR?_GET_CHECK_SUM?SYSTEM
BL51 BANKED LINKER/LOCATER V6.22                                                      01/18/2021  13:48:16  PAGE 7


  +--> ?PR?_ZIGBEE_UART_WRITE_DATA?SYSTEM

?PR?_GET_CHECK_SUM?SYSTEM                        0034H    0005H

?PR?_ZIGBEE_UART_WRITE_DATA?SYSTEM               0034H    0005H
  +--> ?PR?_UART_TRANSMIT_OUTPUT?PROTOCOL

?PR?_UART_TRANSMIT_OUTPUT?PROTOCOL               -----    -----
  +--> ?PR?_SEND_DATA?HC_MCU_XBR

?PR?WAIT1?HC_MCU_XBR                             0009H    0002H
  +--> ?PR?HC_MCU_XBR
  +--> ?PR?_DELAY_MS?HC_MCU_XBR

?PR?WAIT2?HC_MCU_XBR                             0009H    0005H
  +--> ?PR?HC_MCU_XBR

?PR?RESET_BT_MODULE?PROTOCOL                     -----    -----
  +--> ?PR?MCU_NETWORK_START?MCU_API

?PR?_MCU_DP_ENUM_UPDATE?MCU_API                  0029H    0001H
  +--> ?PR?MCU_API
  +--> ?PR?_SET_ZIGBEE_UART_BYTE?SYSTEM
  +--> ?PR?_ZIGBEE_UART_WRITE_FRAME?SYSTEM

?PR?_MCU_DP_VALUE_UPDATE?MCU_API                 002DH    0005H
  +--> ?PR?MCU_API
  +--> ?PR?_SET_ZIGBEE_UART_BYTE?SYSTEM
  +--> ?PR?_ZIGBEE_UART_WRITE_FRAME?SYSTEM

?PR?ZIGBEE_UART_SERVICE?MCU_API                  0009H    0008H
  +--> ?PR?WITH_DATA_RXBUFF?MCU_API
  +--> ?PR?QUEUE_READ_BYTE?MCU_API
  +--> ?PR?MCU_API
  +--> ?PR?_GET_CHECK_SUM?SYSTEM
  +--> ?PR?_DATA_HANDLE?SYSTEM
  +--> ?PR?_MY_MEMCPY?MCU_API

?PR?WITH_DATA_RXBUFF?MCU_API                     -----    -----
  +--> ?PR?MCU_API

?PR?QUEUE_READ_BYTE?MCU_API                      -----    -----
  +--> ?PR?MCU_API

?PR?_DATA_HANDLE?SYSTEM                          0011H    000AH
  +--> ?PR?PRODUCT_INFO_UPDATE?SYSTEM
  +--> ?PR?SYSTEM
  +--> ?PR?_ZIGBEE_WORK_STATE_EVENT?PROTOCOL
  +--> ?PR?_MCU_RESET_ZIGBEE_EVENT?PROTOCOL
  +--> ?PR?_ZIGBEE_DATA_POINT_HANDLE?SYSTEM
  +--> ?PR?RESPONSE_MCU_OTA_VERSION_EVENT?PR...
  +--> ?PR?_RESPONSE_MCU_OTA_NOTIFY_EVENT?PR...
  +--> ?PR?_MCU_OTA_RESULT_EVENT?PROTOCOL
  +--> ?PR?_MY_MEMSET?MCU_API

?PR?PRODUCT_INFO_UPDATE?SYSTEM                   001BH    0002H
  +--> ?CO?SYSTEM
BL51 BANKED LINKER/LOCATER V6.22                                                      01/18/2021  13:48:16  PAGE 8


  +--> ?PR?_MY_STRLEN?MCU_API
  +--> ?PR?_SET_ZIGBEE_UART_BUFFER?SYSTEM
  +--> ?PR?_SET_ZIGBEE_UART_BYTE?SYSTEM
  +--> ?PR?_ZIGBEE_UART_WRITE_FRAME?SYSTEM

?PR?_MY_STRLEN?MCU_API                           001DH    0007H
  +--> ?PR?MCU_API

?PR?_SET_ZIGBEE_UART_BUFFER?SYSTEM               001DH    0007H
  +--> ?PR?SYSTEM
  +--> ?PR?_MY_MEMCPY?MCU_API

?PR?_MY_MEMCPY?MCU_API                           0024H    0010H
  +--> ?PR?MCU_API

?PR?_ZIGBEE_WORK_STATE_EVENT?PROTOCOL            001BH    0001H
  +--> ?PR?_SET_ZIGBEE_UART_BYTE?SYSTEM
  +--> ?PR?_ZIGBEE_UART_WRITE_FRAME?SYSTEM
  +--> ?PR?ALL_DATA_UPDATE?PROTOCOL
  +--> ?PR?SAVEVAR?HC_MCU_XBR

?PR?_ZIGBEE_DATA_POINT_HANDLE?SYSTEM             001BH    0007H
  +--> ?PR?_GET_DOWMLOAD_DPID_INDEX?SYSTEM
  +--> ?PR?_DP_DOWNLOAD_HANDLE?PROTOCOL

?PR?_GET_DOWMLOAD_DPID_INDEX?SYSTEM              0022H    0001H
  +--> ?PR?GET_DOWNLOAD_CMD_TOTAL?PROTOCOL

?PR?_DP_DOWNLOAD_HANDLE?PROTOCOL                 0022H    0007H
  +--> ?PR?PROTOCOL
  +--> ?PR?_DP_DOWNLOAD_SWITCH_LED_HANDLE?PR...
  +--> ?PR?RESET_BT_MODULE?PROTOCOL
  +--> ?PR?_DP_DOWNLOAD_BRIGHT_VALUE_HANDLE?...
  +--> ?PR?_DP_DOWNLOAD_CDS_HANDLE?PROTOCOL
  +--> ?PR?_DP_DOWNLOAD_PIR_DELAY_HANDLE?PRO...
  +--> ?PR?_DP_DOWNLOAD_SWITCH_XBR_HANDLE?PR...
  +--> ?PR?_DP_DOWNLOAD_STANDBY_TIME_HANDLE?...
  +--> ?PR?_DP_DOWNLOAD_SENSE_STRESS_HANDLE?...
  +--> ?PR?_DP_DOWNLOAD_SWITCH_LED2_HANDLE?P...
  +--> ?PR?_DP_DOWNLOAD_SWITCH_LINKAGE_HANDL...
  +--> ?PR?_DP_DOWNLOAD_ALL_DAY_MICRO_LIGHT_...
  +--> ?PR?_DP_DOWNLOAD_CLEAR_TRIGGER_NUMBER...

?PR?_DP_DOWNLOAD_SWITCH_LED_HANDLE?PR...         -----    -----
  +--> ?PR?_MCU_GET_DP_DOWNLOAD_BOOL?MCU_API
  +--> ?PR?_MCU_DP_BOOL_UPDATE?MCU_API

?PR?_MCU_GET_DP_DOWNLOAD_BOOL?MCU_API            0029H    0002H

?PR?_MCU_DP_BOOL_UPDATE?MCU_API                  0029H    0001H
  +--> ?PR?MCU_API
  +--> ?PR?_SET_ZIGBEE_UART_BYTE?SYSTEM
  +--> ?PR?_ZIGBEE_UART_WRITE_FRAME?SYSTEM

?PR?_DP_DOWNLOAD_BRIGHT_VALUE_HANDLE?...         0029H    0004H
  +--> ?PR?_MCU_GET_DP_DOWNLOAD_VALUE?MCU_API
  +--> ?PR?PROTOCOL
BL51 BANKED LINKER/LOCATER V6.22                                                      01/18/2021  13:48:16  PAGE 9


  +--> ?PR?SAVEVAR?HC_MCU_XBR
  +--> ?PR?_MCU_DP_VALUE_UPDATE?MCU_API

?PR?_MCU_GET_DP_DOWNLOAD_VALUE?MCU_API           002DH    0002H
  +--> ?PR?_BYTE_TO_INT?MCU_API

?PR?_BYTE_TO_INT?MCU_API                         002FH    0004H
  +--> ?PR?MCU_API

?PR?_DP_DOWNLOAD_CDS_HANDLE?PROTOCOL             -----    -----
  +--> ?PR?_MCU_GET_DP_DOWNLOAD_ENUM?MCU_API
  +--> ?PR?SAVEVAR?HC_MCU_XBR
  +--> ?PR?_MCU_DP_ENUM_UPDATE?MCU_API

?PR?_MCU_GET_DP_DOWNLOAD_ENUM?MCU_API            0029H    0002H

?PR?_DP_DOWNLOAD_PIR_DELAY_HANDLE?PRO...         0029H    0004H
  +--> ?PR?_MCU_GET_DP_DOWNLOAD_VALUE?MCU_API
  +--> ?PR?SAVEVAR?HC_MCU_XBR
  +--> ?PR?PROTOCOL
  +--> ?PR?_MCU_DP_VALUE_UPDATE?MCU_API

?PR?_DP_DOWNLOAD_SWITCH_XBR_HANDLE?PR...         -----    -----
  +--> ?PR?_MCU_GET_DP_DOWNLOAD_BOOL?MCU_API
  +--> ?PR?SAVEVAR?HC_MCU_XBR
  +--> ?PR?_MCU_DP_BOOL_UPDATE?MCU_API

?PR?_DP_DOWNLOAD_STANDBY_TIME_HANDLE?...         0029H    0004H
  +--> ?PR?_MCU_GET_DP_DOWNLOAD_VALUE?MCU_API
  +--> ?PR?PROTOCOL
  +--> ?PR?SAVEVAR?HC_MCU_XBR
  +--> ?PR?_MCU_DP_VALUE_UPDATE?MCU_API

?PR?_DP_DOWNLOAD_SENSE_STRESS_HANDLE?...         0029H    0004H
  +--> ?PR?_MCU_GET_DP_DOWNLOAD_VALUE?MCU_API
  +--> ?PR?SAVEVAR?HC_MCU_XBR
  +--> ?PR?_MCU_DP_VALUE_UPDATE?MCU_API

?PR?_DP_DOWNLOAD_SWITCH_LED2_HANDLE?P...         -----    -----
  +--> ?PR?_MCU_GET_DP_DOWNLOAD_BOOL?MCU_API
  +--> ?PR?_MCU_DP_BOOL_UPDATE?MCU_API

?PR?_DP_DOWNLOAD_SWITCH_LINKAGE_HANDL...         -----    -----
  +--> ?PR?_MCU_GET_DP_DOWNLOAD_BOOL?MCU_API
  +--> ?PR?_MCU_DP_BOOL_UPDATE?MCU_API

?PR?_DP_DOWNLOAD_ALL_DAY_MICRO_LIGHT_...         -----    -----
  +--> ?PR?_MCU_GET_DP_DOWNLOAD_BOOL?MCU_API
  +--> ?PR?_MCU_DP_BOOL_UPDATE?MCU_API

?PR?_DP_DOWNLOAD_CLEAR_TRIGGER_NUMBER...         -----    -----
  +--> ?PR?_MCU_GET_DP_DOWNLOAD_BOOL?MCU_API
  +--> ?PR?PROTOCOL
  +--> ?PR?_MCU_DP_VALUE_UPDATE?MCU_API

?PR?RESPONSE_MCU_OTA_VERSION_EVENT?PR...         001BH    0002H
  +--> ?PR?GET_CURRENT_MCU_FW_VER?SYSTEM
BL51 BANKED LINKER/LOCATER V6.22                                                      01/18/2021  13:48:16  PAGE 10


  +--> ?PR?_SET_ZIGBEE_UART_BYTE?SYSTEM
  +--> ?PR?_ZIGBEE_UART_WRITE_FRAME?SYSTEM

?PR?GET_CURRENT_MCU_FW_VER?SYSTEM                0020H    0004H
  +--> ?CO?SYSTEM
  +--> ?PR?_ASSIC_TO_HEX?SYSTEM

?PR?_RESPONSE_MCU_OTA_NOTIFY_EVENT?PR...         001BH    0005H
  +--> ?PR?CURRENT_MCU_FW_PID?SYSTEM
  +--> ?PR?PROTOCOL
  +--> ?PR?_STRCMP_BARRY?SYSTEM
  +--> ?PR?GET_CURRENT_MCU_FW_VER?SYSTEM
  +--> ?PR?_ZIGBEE_UART_WRITE_FRAME?SYSTEM
  +--> ?PR?_MCU_OTA_RESULT_REPORT?SYSTEM
  +--> ?PR?_SET_ZIGBEE_UART_BYTE?SYSTEM

?PR?CURRENT_MCU_FW_PID?SYSTEM                    0020H    0003H
  +--> ?CO?SYSTEM

?PR?_STRCMP_BARRY?SYSTEM                         0020H    0006H

?PR?_MCU_OTA_RESULT_REPORT?SYSTEM                -----    -----
  +--> ?PR?_SET_ZIGBEE_UART_BYTE?SYSTEM
  +--> ?PR?_ZIGBEE_UART_WRITE_FRAME?SYSTEM

?PR?_MCU_OTA_RESULT_EVENT?PROTOCOL               001BH    0001H

?PR?_MY_MEMSET?MCU_API                           001BH    0009H
  +--> ?PR?MCU_API

?PR?XBRHANDLE?HC_MCU_XBR                         0009H    0002H
  +--> ?PR?HC_MCU_XBR
  +--> ?PR?_PWM3INIT?HC_MCU_XBR
  +--> ?PR?_DELAY_MS?HC_MCU_XBR

*** NEW ROOT ***************************************************

?PR?TIMER1_RPT?HC_MCU_XBR                        -----    -----
  +--> ?PR?HC_MCU_XBR

*** NEW ROOT ***************************************************

?PR?UART1_RPT?HC_MCU_XBR                         -----    -----
  +--> ?PR?_UART_RECEIVE_INPUT?MCU_API

?PR?_UART_RECEIVE_INPUT?MCU_API                  0039H    0001H
  +--> ?PR?MCU_API



UNRESOLVED EXTERNAL SYMBOLS:
   RESET_BT_BN



SYMBOL TABLE OF MODULE:  .\Objects\HC-MCU-XBR (?C_STARTUP)

BL51 BANKED LINKER/LOCATER V6.22                                                      01/18/2021  13:48:16  PAGE 11


  VALUE           TYPE          NAME
  ----------------------------------

  -------         MODULE        ?C_STARTUP
  C:1A0EH         SEGMENT       ?C_C51STARTUP
  I:008BH         SEGMENT       ?STACK
  C:0000H         PUBLIC        ?C_STARTUP
  D:00E0H         SYMBOL        ACC
  D:00F0H         SYMBOL        B
  D:0083H         SYMBOL        DPH
  D:0082H         SYMBOL        DPL
  N:0000H         SYMBOL        IBPSTACK
  N:0100H         SYMBOL        IBPSTACKTOP
  N:0080H         SYMBOL        IDATALEN
  C:1A11H         SYMBOL        IDATALOOP
  N:0000H         SYMBOL        PBPSTACK
  N:0100H         SYMBOL        PBPSTACKTOP
  N:0000H         SYMBOL        PDATALEN
  N:0000H         SYMBOL        PDATASTART
  N:0000H         SYMBOL        PPAGE
  N:0000H         SYMBOL        PPAGEENABLE
  D:00A0H         SYMBOL        PPAGE_SFR
  D:0081H         SYMBOL        SP
  C:1A0EH         SYMBOL        STARTUP1
  N:0000H         SYMBOL        XBPSTACK
  N:0000H         SYMBOL        XBPSTACKTOP
  N:0000H         SYMBOL        XDATALEN
  N:0000H         SYMBOL        XDATASTART
  C:0000H         LINE#         126
  C:1A0EH         LINE#         133
  C:1A10H         LINE#         134
  C:1A11H         LINE#         135
  C:1A12H         LINE#         136
  C:1A14H         LINE#         185
  C:1A17H         LINE#         196
  -------         ENDMOD        ?C_STARTUP

  -------         MODULE        HC_MCU_XBR
  C:0000H         SYMBOL        _ICE_DUMMY_
  X:FF08H         PUBLIC        P1M0
  X:FF01H         PUBLIC        P0M1
  X:007CH         PUBLIC        Light_on_flagpre
  X:FF10H         PUBLIC        P2M0
  X:FF02H         PUBLIC        P0M2
  D:0080H         PUBLIC        P0
  X:FF11H         PUBLIC        P2M1
  X:FF03H         PUBLIC        P0M3
  D:0090H         PUBLIC        P1
  X:FF12H         PUBLIC        P2M2
  D:00A0H         PUBLIC        P2
  X:007DH         PUBLIC        check_light_times
  X:FF13H         PUBLIC        P2M3
  X:007EH         PUBLIC        radar_number_send_flag
  X:007FH         PUBLIC        lowlight1minflag
  X:0080H         PUBLIC        light_status_xxx_last
  B:00A8H.7       PUBLIC        EA
  C:1FF2H         PUBLIC        UART1_Rpt
BL51 BANKED LINKER/LOCATER V6.22                                                      01/18/2021  13:48:16  PAGE 12


  C:1FAAH         PUBLIC        _Flash_WriteArr
  C:001AH         PUBLIC        UART2_Rpt
  X:0081H         PUBLIC        radar_number_count
  X:FE94H         PUBLIC        XTALCFG
  X:0083H         PUBLIC        SUM1_counter
  D:00A8H         PUBLIC        IE
  B:0080H.0       PUBLIC        P0_0
  D:00FCH         PUBLIC        IAP_CMD
  X:0084H         PUBLIC        guc_Read_a1
  D:00F8H         PUBLIC        RSTFR
  B:0080H.4       PUBLIC        P0_4
  X:0086H         PUBLIC        lowlight1mincount
  X:0088H         PUBLIC        alarm_times
  X:FF91H         PUBLIC        PWM01_MAP
  C:0003H         PUBLIC        InitSYS
  X:0089H         PUBLIC        LIGHT_off
  X:FF95H         PUBLIC        PWM11_MAP
  X:FF99H         PUBLIC        PWM21_MAP
  X:FE89H         PUBLIC        S2CON2
  D:00B6H         PUBLIC        ADCR
  X:008BH         PUBLIC        TH
  X:FEA2H         PUBLIC        CRCC
  X:FE85H         PUBLIC        T5CON1
  X:008FH         PUBLIC        all_day_micro_light_enable
  X:FFA5H         PUBLIC        SCK_MAP
  X:0090H         PUBLIC        SWITCHflag2
  X:0091H         PUBLIC        times
  X:0093H         PUBLIC        SUM0
  C:0A74H         PUBLIC        main
  C:26F9H         PUBLIC        GPIO_Init
  X:0097H         PUBLIC        SUM1
  X:FEA4H         PUBLIC        BORC
  C:2810H         PUBLIC        _send_data
  X:009BH         PUBLIC        SWITCHfXBR
  D:00BBH         PUBLIC        LVDC
  X:009CH         PUBLIC        radar_trig_times
  X:FFA1H         PUBLIC        RXD_MAP
  X:FEA5H         PUBLIC        BORDBC
  X:FFA0H         PUBLIC        TXD_MAP
  X:FEA7H         PUBLIC        LVDDBC
  D:0099H         PUBLIC        SBUF
  X:FEB8H         PUBLIC        PINTE0
  C:25C5H         PUBLIC        _Delay_ms
  C:2D00H         PUBLIC        _Flash_EraseBlock
  X:009EH         PUBLIC        lowlightDELAY_NUM
  X:009FH         PUBLIC        MAX_DELTA
  X:FEB9H         PUBLIC        PINTE1
  D:00BDH         PUBLIC        WDTC
  X:00A3H         PUBLIC        zigbee_join_cnt
  D:0098H         PUBLIC        SCON
  D:0089H         PUBLIC        TMOD
  D:0088H         PUBLIC        TCON
  X:00A4H         PUBLIC        Light_on_flag
  X:00A5H         PUBLIC        radar_number_send_flag2
  X:00A6H         PUBLIC        start_times
  X:00A8H         PUBLIC        check_sum
  X:FE95H         PUBLIC        SPOV_RSTEN
BL51 BANKED LINKER/LOCATER V6.22                                                      01/18/2021  13:48:16  PAGE 13


  C:27A6H         PUBLIC        _Delay_us
  X:00A9H         PUBLIC        Linkage_flag
  X:00AAH         PUBLIC        lightvalue
  D:00B4H         PUBLIC        ADCC0
  C:0561H         PUBLIC        XBRHandle
  D:00B5H         PUBLIC        ADCC1
  X:FE9BH         PUBLIC        ADCC2
  C:274BH         PUBLIC        ADC_Init
  X:FE91H         PUBLIC        CLKDIV
  D:00B8H         PUBLIC        IE1
  X:00ABH         PUBLIC        person_in_range_flag
  X:00ACH         PUBLIC        light_ad
  X:00ADH         PUBLIC        DELAY_NUM
  X:00AFH         PUBLIC        radar_trig_times_last
  X:00B1H         PUBLIC        send_byte
  X:FF80H         PUBLIC        T0_MAP
  C:2039H         PUBLIC        _read_ad
  X:FF81H         PUBLIC        T1_MAP
  X:FEAAH         PUBLIC        RSTDBC
  X:00B2H         PUBLIC        resetbtcnt
  X:FF83H         PUBLIC        T3_MAP
  X:FF84H         PUBLIC        T4_MAP
  X:FF85H         PUBLIC        T5_MAP
  D:0074H         PUBLIC        Timer_Counter
  X:FEA0H         PUBLIC        WDTCCR
  X:00B3H         PUBLIC        while_1flag
  X:00B4H         PUBLIC        while_2flag
  C:1779H         PUBLIC        TIMER1_Rpt
  C:271EH         PUBLIC        _Delay_us_1
  D:008CH         PUBLIC        TH0
  D:008DH         PUBLIC        TH1
  X:00B5H         PUBLIC        stop_times
  X:00B6H         PUBLIC        XRBoffbrightvalue
  D:00CEH         PUBLIC        TH4
  D:008AH         PUBLIC        TL0
  D:008BH         PUBLIC        TL1
  X:FE93H         PUBLIC        CLKOUT
  D:00CDH         PUBLIC        TL4
  D:00FBH         PUBLIC        IAP_DATA
  X:00B7H         PUBLIC        SUM10
  X:00BBH         PUBLIC        SUM01
  D:00F9H         PUBLIC        IAP_ADDR
  X:00BFH         PUBLIC        person_in_range_flag_last
  X:00C0H         PUBLIC        SUM0_num
  D:008EH         PUBLIC        CLKSWR
  X:00C1H         PUBLIC        SUM1_num
  C:2CC0H         PUBLIC        _FLASH_WriteData
  X:00C2H         PUBLIC        slowchcnt
  X:00C3H         PUBLIC        calc_average_times
  X:00C4H         PUBLIC        light1sflag
  X:00C6H         PUBLIC        switchcnt
  X:00C7H         PUBLIC        SUM16
  C:1A9AH         PUBLIC        _PWM3init
  X:00CBH         PUBLIC        average
  I:007FH         PUBLIC        guc_Read_a
  X:FFA9H         PUBLIC        RXD2_MAP
  X:00CDH         PUBLIC        ALL_SUM1
BL51 BANKED LINKER/LOCATER V6.22                                                      01/18/2021  13:48:16  PAGE 14


  X:FFA8H         PUBLIC        TXD2_MAP
  X:FE98H         PUBLIC        ADCWC
  X:FE8AH         PUBLIC        S2BUF
  X:FF90H         PUBLIC        PWM0_MAP
  C:24B4H         PUBLIC        UART1_Init
  X:FFA4H         PUBLIC        SS_MAP
  X:FF94H         PUBLIC        PWM1_MAP
  X:FF98H         PUBLIC        PWM2_MAP
  X:FE88H         PUBLIC        S2CON
  X:FE80H         PUBLIC        TCON1
  D:009EH         PUBLIC        SCON2
  X:FF9CH         PUBLIC        PWM3_MAP
  C:1E00H         PUBLIC        wait1
  C:1E5EH         PUBLIC        wait2
  X:FF8FH         PUBLIC        CLKO_MAP
  X:FEBCH         PUBLIC        INT01_PINS
  D:00CCH         PUBLIC        T4CON
  X:FE92H         PUBLIC        FREQ_CLK
  D:00DDH         PUBLIC        PWM3C
  D:00DFH         PUBLIC        PWM3D
  X:00D1H         PUBLIC        light1scount
  X:00D3H         PUBLIC        light_status_xxx
  X:00D4H         PUBLIC        SWITCHflag
  X:00D5H         PUBLIC        light_ad0
  X:FEB0H         PUBLIC        PITS0
  X:FF05H         PUBLIC        P0LPU
  X:FEB1H         PUBLIC        PITS1
  X:FEB2H         PUBLIC        PITS2
  X:FEB3H         PUBLIC        PITS3
  X:00D6H         PUBLIC        SUM
  C:2450H         PUBLIC        _Flash_ReadArr
  X:00DAH         PUBLIC        LIGHT_TH
  C:10E8H         PUBLIC        set_var
  X:FFA7H         PUBLIC        MISO_MAP
  X:FFA6H         PUBLIC        MOSI_MAP
  D:00DEH         PUBLIC        PWM3P
  X:00DBH         PUBLIC        LIGHT
  C:26BDH         PUBLIC        Timer_Init
  X:FF40H         PUBLIC        P00DBC
  D:00D0H         PUBLIC        PSW
  X:FF41H         PUBLIC        P01DBC
  C:197DH         PUBLIC        savevar
  X:00DDH         PUBLIC        RXnum
  X:FF42H         PUBLIC        P02DBC
  X:FF00H         PUBLIC        P0M0
  C:121CH         SYMBOL        Com00CD
  C:121CH         SYMBOL        L?0206
  C:122AH         SYMBOL        L?0207
  C:1231H         SYMBOL        L?0210
  C:1231H         SYMBOL        L?0211
  C:1251H         SYMBOL        L?0212
  C:1266H         SYMBOL        L?0213
  C:126CH         SYMBOL        L?0214
  C:126CH         SYMBOL        L?0215
  C:126FH         SYMBOL        L?0216
  C:1276H         SYMBOL        L?0217
  C:1276H         SYMBOL        L?0218
BL51 BANKED LINKER/LOCATER V6.22                                                      01/18/2021  13:48:16  PAGE 15


  C:1279H         SYMBOL        L?0219
  C:127CH         SYMBOL        L?0220
  C:1282H         SYMBOL        L?0221
  C:128FH         SYMBOL        L?0222
  C:129AH         SYMBOL        L?0223
  C:12A4H         SYMBOL        L?0224
  C:12AAH         SYMBOL        L?0225
  C:12AAH         SYMBOL        L?0226
  C:12ABH         SYMBOL        L?0227
  C:12B1H         SYMBOL        L?0228
  C:12B1H         SYMBOL        L?0229
  C:12B4H         SYMBOL        L?0230
  C:12BDH         SYMBOL        L?0231
  C:12BDH         SYMBOL        L?0232
  C:12CBH         SYMBOL        L?0233
  C:12D1H         SYMBOL        L?0234
  C:12D7H         SYMBOL        L?0235
  C:12D7H         SYMBOL        L?0236
  C:12DDH         SYMBOL        L?0237
  C:12DDH         SYMBOL        L?0238
  C:12E3H         SYMBOL        L?0239
  C:12E4H         SYMBOL        L?0240
  C:12EDH         SYMBOL        L?0241
  C:12FBH         SYMBOL        L?0242
  C:1309H         SYMBOL        L?0243
  C:130AH         SYMBOL        L?0244
  C:1310H         SYMBOL        L?0245
  C:1310H         SYMBOL        L?0246
  C:1316H         SYMBOL        L?0247
  C:1320H         SYMBOL        L?0248
  C:1329H         SYMBOL        L?0249
  C:1329H         SYMBOL        L?0250
  C:132FH         SYMBOL        L?0251
  C:1339H         SYMBOL        L?0252
  -------         PROC          COM00CD
  -------         ENDPROC       COM00CD
  -------         PROC          _FLASH_WRITEARR
  D:0051H         SYMBOL        fui_Address
  D:0053H         SYMBOL        fuc_Length
  D:0054H         SYMBOL        fucp_SaveArr
  -------         DO            
  D:0057H         SYMBOL        fui_i
  -------         ENDDO         
  C:1FAAH         LINE#         133
  C:1FBDH         LINE#         134
  C:1FBDH         LINE#         135
  C:1FC0H         LINE#         136
  C:1FC2H         LINE#         137
  C:1FCBH         LINE#         138
  C:1FCBH         LINE#         139
  C:1FE7H         LINE#         140
  C:1FEBH         LINE#         141
  C:1FEDH         LINE#         142
  -------         ENDPROC       _FLASH_WRITEARR
  -------         PROC          _FLASH_READARR
  D:0009H         SYMBOL        fui_Address
  D:0005H         SYMBOL        fuc_Length
BL51 BANKED LINKER/LOCATER V6.22                                                      01/18/2021  13:48:16  PAGE 16


  D:000BH         SYMBOL        fucp_SaveArr
  C:2450H         LINE#         144
  C:245AH         LINE#         145
  C:245AH         LINE#         146
  C:2460H         LINE#         147
  C:2481H         LINE#         148
  -------         ENDPROC       _FLASH_READARR
  -------         PROC          _DELAY_US
  D:0006H         SYMBOL        q
  -------         DO            
  D:0004H         SYMBOL        j
  -------         ENDDO         
  C:27A6H         LINE#         150
  C:27A6H         LINE#         151
  C:27A6H         LINE#         153
  C:27B0H         LINE#         154
  C:27B0H         LINE#         156
  C:27B7H         LINE#         157
  -------         ENDPROC       _DELAY_US
  -------         PROC          _DELAY_MS
  D:0082H         SYMBOL        t
  C:25C5H         LINE#         159
  C:25C9H         LINE#         160
  C:25C9H         LINE#         161
  C:25D2H         LINE#         162
  C:25E7H         LINE#         163
  C:25E7H         LINE#         164
  C:25EAH         LINE#         165
  C:25ECH         LINE#         166
  -------         ENDPROC       _DELAY_MS
  C:2717H         SYMBOL        L?0209
  -------         PROC          L?0208
  -------         ENDPROC       L?0208
  C:2717H         SYMBOL        L?0209
  -------         PROC          _DELAY_US_1
  D:0006H         SYMBOL        q1
  -------         DO            
  D:0004H         SYMBOL        j
  -------         ENDDO         
  C:271EH         LINE#         168
  C:271EH         LINE#         169
  C:271EH         LINE#         171
  C:2728H         LINE#         172
  C:2728H         LINE#         174
  C:272FH         LINE#         175
  -------         ENDPROC       _DELAY_US_1
  -------         PROC          INITSYS
  C:0003H         LINE#         192
  C:0003H         LINE#         193
  C:0003H         LINE#         196
  C:0006H         LINE#         197
  C:000CH         LINE#         198
  C:0010H         LINE#         206
  C:0013H         LINE#         207
  C:0019H         LINE#         209
  -------         ENDPROC       INITSYS
  -------         PROC          TIMER_INIT
BL51 BANKED LINKER/LOCATER V6.22                                                      01/18/2021  13:48:16  PAGE 17


  C:26BDH         LINE#         217
  C:26BDH         LINE#         218
  C:26BDH         LINE#         220
  C:26C2H         LINE#         221
  C:26C5H         LINE#         233
  C:26C8H         LINE#         234
  C:26CBH         LINE#         235
  C:26CEH         LINE#         236
  C:26D1H         LINE#         238
  C:26D4H         LINE#         239
  C:26D7H         LINE#         241
  C:26DAH         LINE#         242
  -------         ENDPROC       TIMER_INIT
  -------         PROC          UART1_INIT
  C:24B4H         LINE#         250
  C:24B4H         LINE#         251
  C:24B4H         LINE#         253
  C:24BDH         LINE#         254
  C:24C6H         LINE#         255
  C:24C8H         LINE#         256
  C:24CEH         LINE#         257
  C:24D2H         LINE#         258
  C:24D5H         LINE#         274
  C:24D8H         LINE#         275
  C:24DBH         LINE#         276
  C:24DEH         LINE#         277
  C:24E1H         LINE#         278
  C:24E4H         LINE#         280
  -------         ENDPROC       UART1_INIT
  -------         PROC          ADC_INIT
  C:274BH         LINE#         288
  C:274BH         LINE#         289
  C:274BH         LINE#         291
  C:274EH         LINE#         292
  C:2751H         LINE#         293
  C:2758H         LINE#         294
  C:275BH         LINE#         295
  C:2761H         LINE#         296
  -------         ENDPROC       ADC_INIT
  -------         PROC          GPIO_INIT
  C:26F9H         LINE#         304
  C:26F9H         LINE#         305
  C:26F9H         LINE#         345
  C:2702H         LINE#         347
  C:270BH         LINE#         349
  C:2714H         LINE#         361
  -------         ENDPROC       GPIO_INIT
  -------         PROC          _SEND_DATA
  D:0007H         SYMBOL        d
  C:2810H         LINE#         516
  C:2810H         LINE#         517
  C:2810H         LINE#         518
  C:2812H         LINE#         519
  C:2817H         LINE#         521
  C:281AH         LINE#         522
  -------         ENDPROC       _SEND_DATA
  -------         PROC          _READ_AD
BL51 BANKED LINKER/LOCATER V6.22                                                      01/18/2021  13:48:16  PAGE 18


  D:0007H         SYMBOL        ch
  -------         DO            
  D:0001H         SYMBOL        i
  D:0002H         SYMBOL        ad_sum
  -------         ENDDO         
  C:2039H         LINE#         525
  C:2039H         LINE#         526
  C:2039H         LINE#         552
  C:203BH         LINE#         553
  C:203EH         LINE#         554
  C:2043H         LINE#         556
  C:2046H         LINE#         563
  C:204DH         LINE#         565
  C:2050H         LINE#         568
  C:2051H         LINE#         569
  C:2051H         LINE#         581
  C:2054H         LINE#         582
  C:2059H         LINE#         584
  C:205CH         LINE#         585
  C:2064H         LINE#         587
  C:206BH         LINE#         588
  C:206FH         LINE#         591
  C:2072H         LINE#         592
  C:2074H         LINE#         594
  C:207BH         LINE#         595
  C:207DH         LINE#         596
  -------         ENDPROC       _READ_AD
  -------         PROC          SET_VAR
  C:10E8H         LINE#         598
  C:10E8H         LINE#         599
  C:10E8H         LINE#         601
  C:10F7H         LINE#         603
  C:1102H         LINE#         604
  C:110DH         LINE#         605
  C:1125H         LINE#         606
  C:1135H         LINE#         607
  C:1154H         LINE#         608
  C:115EH         LINE#         610
  C:1165H         LINE#         612
  C:1167H         LINE#         613
  C:1169H         LINE#         614
  C:1170H         LINE#         615
  C:1173H         LINE#         617
  C:117FH         LINE#         618
  C:1188H         LINE#         619
  C:1192H         LINE#         620
  C:11A6H         LINE#         621
  C:11AFH         LINE#         624
  C:11B6H         LINE#         626
  C:11BAH         LINE#         628
  C:11C0H         LINE#         629
  C:11C8H         LINE#         630
  C:11CEH         LINE#         632
  C:11D8H         LINE#         634
  C:11E0H         LINE#         636
  C:11E8H         LINE#         638
  C:11F0H         LINE#         645
BL51 BANKED LINKER/LOCATER V6.22                                                      01/18/2021  13:48:16  PAGE 19


  C:11FFH         LINE#         646
  C:1207H         LINE#         647
  C:120FH         LINE#         648
  C:1212H         LINE#         649
  C:1218H         LINE#         650
  C:1218H         LINE#         651
  C:121BH         LINE#         652
  C:121BH         LINE#         653
  -------         ENDPROC       SET_VAR
  -------         PROC          XBRHANDLE
  -------         DO            
  D:0009H         SYMBOL        k
  -------         ENDDO         
  C:0561H         LINE#         655
  C:0561H         LINE#         656
  C:0561H         LINE#         659
  C:056AH         LINE#         660
  C:056AH         LINE#         672
  C:056DH         LINE#         673
  C:0572H         LINE#         675
  C:0575H         LINE#         676
  C:057BH         LINE#         678
  C:0581H         LINE#         680
  C:058BH         LINE#         683
  C:059BH         LINE#         684
  C:059BH         LINE#         685
  C:05A6H         LINE#         686
  C:05A8H         LINE#         688
  C:05A8H         LINE#         689
  C:05B3H         LINE#         690
  C:05B3H         LINE#         691
  C:05C9H         LINE#         693
  C:05D5H         LINE#         694
  C:05D5H         LINE#         695
  C:05DAH         LINE#         696
  C:05DAH         LINE#         700
  C:05E2H         LINE#         701
  C:05E2H         LINE#         702
  C:05E6H         LINE#         703
  C:05ECH         LINE#         704
  C:05ECH         LINE#         705
  C:05EFH         LINE#         706
  C:05EFH         LINE#         707
  C:05EFH         LINE#         708
  C:05EFH         LINE#         709
  C:05F1H         LINE#         710
  C:05FDH         LINE#         711
  C:05FDH         LINE#         712
  C:060BH         LINE#         713
  C:060BH         LINE#         714
  C:0610H         LINE#         715
  C:0614H         LINE#         716
  C:061CH         LINE#         717
  C:061FH         LINE#         718
  C:061FH         LINE#         719
  C:0627H         LINE#         720
  C:0627H         LINE#         721
BL51 BANKED LINKER/LOCATER V6.22                                                      01/18/2021  13:48:16  PAGE 20


  C:0627H         LINE#         723
  C:0633H         LINE#         724
  C:0633H         LINE#         726
  C:0636H         LINE#         728
  C:063AH         LINE#         730
  C:063FH         LINE#         732
  C:064EH         LINE#         734
  C:0657H         LINE#         735
  C:0657H         LINE#         736
  C:0658H         LINE#         738
  C:0666H         LINE#         740
  C:0672H         LINE#         741
  C:067DH         LINE#         742
  C:0687H         LINE#         743
  C:0687H         LINE#         745
  C:0690H         LINE#         746
  C:0690H         LINE#         747
  C:0693H         LINE#         748
  C:0695H         LINE#         750
  C:0695H         LINE#         751
  C:069FH         LINE#         752
  C:069FH         LINE#         754
  C:069FH         LINE#         756
  C:06C0H         LINE#         757
  C:06C8H         LINE#         759
  C:06D0H         LINE#         761
  C:06D5H         LINE#         762
  C:06D5H         LINE#         763
  C:06D5H         LINE#         765
  C:06E2H         LINE#         766
  C:06E2H         LINE#         767
  C:06F5H         LINE#         768
  C:070EH         LINE#         769
  C:0718H         LINE#         770
  C:0718H         LINE#         772
  C:071EH         LINE#         773
  C:071EH         LINE#         774
  C:072AH         LINE#         775
  C:0734H         LINE#         777
  C:0734H         LINE#         779
  C:0759H         LINE#         780
  C:0759H         LINE#         781
  C:075FH         LINE#         782
  C:076BH         LINE#         783
  C:0784H         LINE#         784
  C:0792H         LINE#         785
  C:07A1H         LINE#         786
  C:07ABH         LINE#         787
  C:07BAH         LINE#         788
  C:07C4H         LINE#         790
  C:07CFH         LINE#         791
  C:07CFH         LINE#         792
  C:07DEH         LINE#         793
  C:07EEH         LINE#         794
  C:07F6H         LINE#         795
  C:0808H         LINE#         796
  C:080DH         LINE#         801
BL51 BANKED LINKER/LOCATER V6.22                                                      01/18/2021  13:48:16  PAGE 21


  C:080DH         LINE#         802
  C:0813H         LINE#         803
  C:0813H         LINE#         805
  C:0823H         LINE#         806
  C:0823H         LINE#         807
  C:082EH         LINE#         808
  C:082EH         LINE#         809
  C:0837H         LINE#         810
  C:083CH         LINE#         811
  C:0847H         LINE#         812
  C:0847H         LINE#         813
  C:0847H         LINE#         814
  C:0853H         LINE#         815
  C:0853H         LINE#         816
  C:0853H         LINE#         817
  C:0853H         LINE#         818
  C:0853H         LINE#         819
  C:0856H         LINE#         821
  C:085EH         LINE#         822
  C:085EH         LINE#         830
  C:0869H         LINE#         831
  C:0869H         LINE#         832
  C:0875H         LINE#         834
  C:0892H         LINE#         836
  C:0892H         LINE#         837
  C:089AH         LINE#         838
  C:089AH         LINE#         839
  C:089AH         LINE#         840
  C:089AH         LINE#         841
  C:089CH         LINE#         843
  C:089CH         LINE#         844
  C:08ACH         LINE#         845
  C:08B4H         LINE#         846
  C:08C7H         LINE#         847
  C:08CCH         LINE#         849
  C:08CFH         LINE#         850
  C:08D4H         LINE#         851
  C:08D4H         LINE#         852
  C:08D4H         LINE#         853
  C:08E0H         LINE#         854
  C:08E0H         LINE#         855
  C:08E0H         LINE#         856
  C:08E0H         LINE#         857
  C:08E0H         LINE#         864
  C:08E5H         LINE#         865
  C:08E5H         LINE#         866
  C:08E6H         LINE#         867
  C:08E6H         LINE#         868
  C:08E6H         LINE#         869
  C:08E6H         LINE#         870
  C:08E8H         LINE#         872
  C:08E8H         LINE#         873
  C:08EDH         LINE#         874
  C:08F7H         LINE#         875
  C:08F7H         LINE#         877
  C:0900H         LINE#         878
  C:0900H         LINE#         879
BL51 BANKED LINKER/LOCATER V6.22                                                      01/18/2021  13:48:16  PAGE 22


  C:0903H         LINE#         880
  C:092DH         LINE#         881
  C:0933H         LINE#         882
  C:0936H         LINE#         884
  C:0936H         LINE#         886
  C:093BH         LINE#         887
  C:093BH         LINE#         888
  C:0942H         LINE#         890
  C:0947H         LINE#         891
  C:0947H         LINE#         899
  C:0957H         LINE#         900
  C:0957H         LINE#         901
  C:0961H         LINE#         902
  C:0963H         LINE#         904
  C:0963H         LINE#         905
  C:096CH         LINE#         906
  C:097CH         LINE#         907
  C:097CH         LINE#         908
  C:0992H         LINE#         909
  C:0992H         LINE#         911
  C:0992H         LINE#         912
  C:0992H         LINE#         914
  C:0992H         LINE#         920
  C:0992H         LINE#         921
  C:0992H         LINE#         923
  C:09A3H         LINE#         924
  C:09A3H         LINE#         929
  C:09B5H         LINE#         930
  C:09B5H         LINE#         938
  C:09B5H         LINE#         939
  C:09BFH         LINE#         940
  C:09C8H         LINE#         941
  C:09D0H         LINE#         942
  C:09D4H         LINE#         961
  C:09DAH         LINE#         963
  C:09E0H         LINE#         965
  C:09E6H         LINE#         966
  C:09EDH         LINE#         967
  C:09F3H         LINE#         968
  C:09F9H         LINE#         970
  C:09F9H         LINE#         971
  C:09F9H         LINE#         972
  C:09F9H         LINE#         973
  C:09F9H         LINE#         984
  C:0A03H         LINE#         985
  C:0A0DH         LINE#         987
  C:0A1DH         LINE#         988
  C:0A1DH         LINE#         999
  C:0A2CH         LINE#         1000
  C:0A2CH         LINE#         1001
  C:0A33H         LINE#         1002
  C:0A38H         LINE#         1003
  C:0A3DH         LINE#         1004
  C:0A41H         LINE#         1007
  C:0A41H         LINE#         1008
  C:0A41H         LINE#         1009
  C:0A41H         LINE#         1010
BL51 BANKED LINKER/LOCATER V6.22                                                      01/18/2021  13:48:16  PAGE 23


  C:0A42H         LINE#         1012
  C:0A42H         LINE#         1013
  C:0A4AH         LINE#         1014
  C:0A4FH         LINE#         1024
  C:0A55H         LINE#         1025
  C:0A59H         LINE#         1029
  C:0A5FH         LINE#         1035
  C:0A69H         LINE#         1036
  C:0A69H         LINE#         1037
  C:0A69H         LINE#         1039
  C:0A69H         LINE#         1041
  C:0A69H         LINE#         1043
  C:0A69H         LINE#         1044
  C:0A73H         LINE#         1048
  C:0A73H         LINE#         1049
  -------         ENDPROC       XBRHANDLE
  -------         PROC          WAIT1
  -------         DO            
  D:0009H         SYMBOL        i
  D:000AH         SYMBOL        j
  -------         ENDDO         
  C:1E00H         LINE#         1051
  C:1E00H         LINE#         1052
  C:1E00H         LINE#         1056
  C:1E03H         LINE#         1057
  C:1E03H         LINE#         1058
  C:1E03H         LINE#         1059
  C:1E0DH         LINE#         1077
  C:1E10H         LINE#         1078
  C:1E10H         LINE#         1080
  C:1E13H         LINE#         1081
  C:1E18H         LINE#         1083
  C:1E1BH         LINE#         1086
  C:1E25H         LINE#         1087
  C:1E2CH         LINE#         1106
  C:1E33H         LINE#         1110
  C:1E40H         LINE#         1111
  C:1E53H         LINE#         1112
  C:1E53H         LINE#         1114
  C:1E55H         LINE#         1116
  C:1E5CH         LINE#         1117
  C:1E5DH         LINE#         1119
  -------         ENDPROC       WAIT1
  -------         PROC          WAIT2
  -------         DO            
  D:0009H         SYMBOL        i
  D:000AH         SYMBOL        k
  D:000CH         SYMBOL        t
  -------         ENDDO         
  C:1E5EH         LINE#         1120
  C:1E5EH         LINE#         1121
  C:1E5EH         LINE#         1126
  C:1E68H         LINE#         1128
  C:1E6BH         LINE#         1129
  C:1E6BH         LINE#         1130
  C:1E70H         LINE#         1131
  C:1E70H         LINE#         1142
BL51 BANKED LINKER/LOCATER V6.22                                                      01/18/2021  13:48:16  PAGE 24


  C:1E73H         LINE#         1143
  C:1E78H         LINE#         1145
  C:1E7BH         LINE#         1146
  C:1E81H         LINE#         1148
  C:1E8BH         LINE#         1149
  C:1E9BH         LINE#         1150
  C:1E9EH         LINE#         1151
  C:1EA5H         LINE#         1153
  C:1EB8H         LINE#         1159
  -------         ENDPROC       WAIT2
  -------         PROC          _PWM3INIT
  D:0007H         SYMBOL        ab
  -------         DO            
  D:000BH         SYMBOL        i11
  D:0006H         SYMBOL        j11
  -------         ENDDO         
  C:1A9AH         LINE#         1161
  C:1A9AH         LINE#         1162
  C:1A9AH         LINE#         1166
  C:1A9DH         LINE#         1167
  C:1A9DH         LINE#         1168
  C:1AA2H         LINE#         1169
  C:1AA7H         LINE#         1170
  C:1AA9H         LINE#         1171
  C:1AACH         LINE#         1172
  C:1AACH         LINE#         1173
  C:1AB1H         LINE#         1174
  C:1AB6H         LINE#         1175
  C:1AB8H         LINE#         1177
  C:1AB8H         LINE#         1178
  C:1ABEH         LINE#         1179
  C:1AC3H         LINE#         1180
  C:1AC3H         LINE#         1182
  C:1AC6H         LINE#         1183
  C:1AC6H         LINE#         1184
  C:1AC8H         LINE#         1185
  C:1ACAH         LINE#         1187
  C:1ACAH         LINE#         1188
  C:1AEDH         LINE#         1189
  C:1B03H         LINE#         1190
  C:1B03H         LINE#         1205
  C:1B09H         LINE#         1214
  C:1B0CH         LINE#         1221
  C:1B0EH         LINE#         1222
  C:1B11H         LINE#         1224
  C:1B13H         LINE#         1225
  -------         ENDPROC       _PWM3INIT
  -------         PROC          MAIN
  -------         DO            
  D:0008H         SYMBOL        i
  -------         ENDDO         
  C:0A74H         LINE#         1235
  C:0A74H         LINE#         1236
  C:0A74H         LINE#         1238
  C:0A77H         LINE#         1239
  C:0A7AH         LINE#         1240
  C:0A7DH         LINE#         1243
BL51 BANKED LINKER/LOCATER V6.22                                                      01/18/2021  13:48:16  PAGE 25


  C:0A82H         LINE#         1244
  C:0A85H         LINE#         1245
  C:0A88H         LINE#         1246
  C:0A8BH         LINE#         1248
  C:0A8EH         LINE#         1252
  C:0A94H         LINE#         1253
  C:0A97H         LINE#         1255
  C:0A99H         LINE#         1257
  C:0AA0H         LINE#         1260
  C:0AA5H         LINE#         1261
  C:0AABH         LINE#         1262
  C:0AABH         LINE#         1263
  C:0AAFH         LINE#         1265
  C:0AB1H         LINE#         1266
  C:0AB4H         LINE#         1282
  C:0ABAH         LINE#         1284
  C:0AC1H         LINE#         1285
  C:0AC8H         LINE#         1286
  C:0AD4H         LINE#         1287
  C:0ADBH         LINE#         1289
  C:0ADDH         LINE#         1291
  C:0AE0H         LINE#         1293
  C:0AE9H         LINE#         1295
  C:0AECH         LINE#         1298
  C:0AF3H         LINE#         1300
  C:0AF6H         LINE#         1302
  C:0B00H         LINE#         1304
  C:0B00H         LINE#         1305
  C:0B00H         LINE#         1306
  C:0B07H         LINE#         1307
  C:0B0CH         LINE#         1308
  C:0B11H         LINE#         1310
  C:0B1AH         LINE#         1311
  C:0B1AH         LINE#         1312
  C:0B1CH         LINE#         1313
  C:0B1FH         LINE#         1314
  C:0B1FH         LINE#         1319
  C:0B2CH         LINE#         1320
  C:0B2CH         LINE#         1321
  C:0B31H         LINE#         1322
  C:0B39H         LINE#         1323
  C:0B39H         LINE#         1325
  C:0B46H         LINE#         1326
  C:0B46H         LINE#         1327
  C:0B4BH         LINE#         1328
  C:0B53H         LINE#         1329
  C:0B53H         LINE#         1333
  C:0B5BH         LINE#         1334
  C:0B5BH         LINE#         1335
  C:0B62H         LINE#         1336
  C:0B62H         LINE#         1337
  C:0B67H         LINE#         1338
  C:0B6BH         LINE#         1339
  C:0B7FH         LINE#         1340
  C:0B7FH         LINE#         1341
  C:0B8DH         LINE#         1342
  C:0B9CH         LINE#         1343
BL51 BANKED LINKER/LOCATER V6.22                                                      01/18/2021  13:48:16  PAGE 26


  C:0B9CH         LINE#         1344
  C:0B9CH         LINE#         1345
  C:0B9CH         LINE#         1363
  C:0B9FH         LINE#         1365
  C:0BA5H         LINE#         1366
  C:0BA5H         LINE#         1367
  C:0BADH         LINE#         1368
  C:0BB0H         LINE#         1369
  C:0BB0H         LINE#         1371
  C:0BBBH         LINE#         1372
  C:0BBBH         LINE#         1373
  C:0BC1H         LINE#         1374
  C:0BC1H         LINE#         1375
  C:0BC5H         LINE#         1377
  C:0BC7H         LINE#         1378
  C:0BCAH         LINE#         1380
  C:0BD4H         LINE#         1381
  C:0BD4H         LINE#         1382
  C:0BD4H         LINE#         1384
  C:0BD4H         LINE#         1386
  C:0BD4H         LINE#         1388
  C:0BD4H         LINE#         1389
  C:0BDEH         LINE#         1390
  C:0BDEH         LINE#         1392
  C:0BE1H         LINE#         1394
  C:0BF0H         LINE#         1395
  C:0BF0H         LINE#         1396
  C:0BF7H         LINE#         1397
  C:0BF7H         LINE#         1398
  C:0BF9H         LINE#         1399
  C:0BFFH         LINE#         1400
  C:0C12H         LINE#         1401
  C:0C12H         LINE#         1402
  C:0C16H         LINE#         1403
  C:0C1EH         LINE#         1404
  C:0C1EH         LINE#         1406
  C:0C1EH         LINE#         1408
  C:0C1EH         LINE#         1409
  C:0C23H         LINE#         1410
  C:0C23H         LINE#         1411
  C:0C23H         LINE#         1412
  C:0C23H         LINE#         1413
  C:0C23H         LINE#         1414
  C:0C28H         LINE#         1415
  C:0C28H         LINE#         1416
  C:0C34H         LINE#         1417
  C:0C34H         LINE#         1418
  C:0C3AH         LINE#         1419
  C:0C40H         LINE#         1426
  C:0C40H         LINE#         1427
  C:0C40H         LINE#         1430
  C:0C4BH         LINE#         1431
  C:0C4BH         LINE#         1432
  C:0C5AH         LINE#         1433
  C:0C5AH         LINE#         1434
  C:0C5CH         LINE#         1435
  C:0C64H         LINE#         1437
BL51 BANKED LINKER/LOCATER V6.22                                                      01/18/2021  13:48:16  PAGE 27


  C:0C71H         LINE#         1438
  C:0C71H         LINE#         1440
  C:0C71H         LINE#         1442
  C:0C71H         LINE#         1443
  C:0C75H         LINE#         1444
  C:0C75H         LINE#         1445
  C:0C75H         LINE#         1446
  C:0C75H         LINE#         1448
  C:0C75H         LINE#         1449
  C:0C7AH         LINE#         1450
  C:0C80H         LINE#         1451
  C:0C80H         LINE#         1452
  C:0C84H         LINE#         1453
  C:0C87H         LINE#         1455
  C:0C87H         LINE#         1456
  C:0C8FH         LINE#         1458
  C:0C93H         LINE#         1460
  C:0C96H         LINE#         1463
  C:0CA0H         LINE#         1464
  C:0CA0H         LINE#         1465
  C:0CA0H         LINE#         1467
  C:0CA0H         LINE#         1469
  C:0CA0H         LINE#         1471
  C:0CA0H         LINE#         1472
  C:0CAAH         LINE#         1473
  C:0CAAH         LINE#         1474
  C:0CAAH         LINE#         1475
  -------         ENDPROC       MAIN
  -------         PROC          TIMER1_RPT
  C:1779H         LINE#         1491
  C:1796H         LINE#         1494
  C:17B2H         LINE#         1496
  C:17B8H         LINE#         1497
  C:17CFH         LINE#         1498
  C:17CFH         LINE#         1499
  C:17D6H         LINE#         1500
  C:17DBH         LINE#         1501
  C:17DBH         LINE#         1502
  C:17E1H         LINE#         1503
  C:17F0H         LINE#         1504
  C:17F0H         LINE#         1506
  C:17F4H         LINE#         1507
  C:17FBH         LINE#         1508
  C:17FBH         LINE#         1509
  C:1801H         LINE#         1510
  C:1810H         LINE#         1511
  C:1810H         LINE#         1512
  C:1814H         LINE#         1513
  C:1819H         LINE#         1514
  C:1819H         LINE#         1515
  -------         ENDPROC       TIMER1_RPT
  -------         PROC          UART1_RPT
  -------         DO            
  D:0007H         SYMBOL        i
  -------         ENDDO         
  C:1FF2H         LINE#         1524
  C:200FH         LINE#         1529
BL51 BANKED LINKER/LOCATER V6.22                                                      01/18/2021  13:48:16  PAGE 28


  C:2014H         LINE#         1530
  C:2014H         LINE#         1531
  C:2016H         LINE#         1532
  C:2019H         LINE#         1533
  C:201CH         LINE#         1534
  C:201EH         LINE#         1535
  C:201EH         LINE#         1536
  -------         ENDPROC       UART1_RPT
  -------         PROC          UART2_RPT
  C:001AH         LINE#         1538
  C:001AH         LINE#         1540
  -------         ENDPROC       UART2_RPT
  -------         PROC          _FLASH_ERASEBLOCK
  D:0006H         SYMBOL        fui_Address
  C:2D00H         LINE#         1547
  C:2D07H         LINE#         1548
  C:2D07H         LINE#         1549
  C:2D07H         LINE#         1550
  C:2D07H         LINE#         1551
  C:2D0AH         LINE#         1552
  C:2D0CH         LINE#         1553
  C:2D11H         LINE#         1554
  C:2D11H         LINE#         1556
  C:2D13H         LINE#         1557
  C:2D15H         LINE#         1558
  C:2D1BH         LINE#         1559
  C:2D1FH         LINE#         1560
  C:2D25H         LINE#         1561
  C:2D2BH         LINE#         1563
  -------         ENDPROC       _FLASH_ERASEBLOCK
  -------         PROC          _FLASH_WRITEDATA
  D:0007H         SYMBOL        fuc_SaveData
  D:0004H         SYMBOL        fui_Address
  C:2CC0H         LINE#         1574
  C:2CC7H         LINE#         1575
  C:2CC7H         LINE#         1576
  C:2CC7H         LINE#         1577
  C:2CC7H         LINE#         1578
  C:2CCAH         LINE#         1579
  C:2CCCH         LINE#         1580
  C:2CD1H         LINE#         1581
  C:2CD1H         LINE#         1583
  C:2CD3H         LINE#         1584
  C:2CD5H         LINE#         1585
  C:2CD7H         LINE#         1586
  C:2CDDH         LINE#         1587
  C:2CE1H         LINE#         1588
  C:2CE7H         LINE#         1589
  C:2CEDH         LINE#         1591
  -------         ENDPROC       _FLASH_WRITEDATA
  -------         PROC          SAVEVAR
  -------         DO            
  D:0007H         SYMBOL        i
  -------         ENDDO         
  C:197DH         LINE#         1626
  C:197DH         LINE#         1627
  C:197DH         LINE#         1632
BL51 BANKED LINKER/LOCATER V6.22                                                      01/18/2021  13:48:16  PAGE 29


  C:197FH         LINE#         1633
  C:1982H         LINE#         1635
  C:198DH         LINE#         1636
  C:198FH         LINE#         1637
  C:1992H         LINE#         1639
  C:1998H         LINE#         1640
  C:199AH         LINE#         1641
  C:19A0H         LINE#         1643
  C:19A3H         LINE#         1644
  C:19A5H         LINE#         1645
  C:19A8H         LINE#         1647
  C:19ABH         LINE#         1648
  C:19ADH         LINE#         1649
  C:19B0H         LINE#         1650
  C:19B3H         LINE#         1651
  C:19B5H         LINE#         1652
  C:19B8H         LINE#         1654
  C:19BDH         LINE#         1655
  C:19BFH         LINE#         1656
  C:19C2H         LINE#         1658
  C:19C7H         LINE#         1659
  C:19C9H         LINE#         1660
  C:19CCH         LINE#         1662
  C:19D2H         LINE#         1663
  C:19D4H         LINE#         1664
  C:19D7H         LINE#         1666
  C:19DCH         LINE#         1667
  C:19DEH         LINE#         1668
  C:19E1H         LINE#         1670
  C:19E6H         LINE#         1671
  C:19E8H         LINE#         1672
  C:19EBH         LINE#         1674
  C:19F0H         LINE#         1675
  C:19F2H         LINE#         1676
  C:19F5H         LINE#         1690
  C:19F7H         LINE#         1691
  C:19FDH         LINE#         1692
  C:1A06H         LINE#         1694
  C:1A0BH         LINE#         1696
  C:1A0DH         LINE#         1698
  -------         ENDPROC       SAVEVAR
  -------         ENDMOD        HC_MCU_XBR

  -------         MODULE        MCU_API
  C:0000H         SYMBOL        _ICE_DUMMY_
  C:2105H         PUBLIC        _mcu_dp_raw_update
  C:1BFEH         PUBLIC        _hex_to_bcd
  C:1DA1H         PUBLIC        _uart_receive_input
  C:27CAH         PUBLIC        mcu_reset_zigbee
  C:1F14H         PUBLIC        _byte_to_int
  C:241DH         PUBLIC        _int_to_byte
  C:2762H         PUBLIC        with_data_rxbuff
  C:1528H         PUBLIC        _mcu_dp_bitmap_update
  C:27B8H         PUBLIC        mcu_network_start
  C:27DBH         PUBLIC        _mcu_start_zigbee_test
  C:15EFH         PUBLIC        _my_memcpy
  C:23B5H         PUBLIC        _my_memset
BL51 BANKED LINKER/LOCATER V6.22                                                      01/18/2021  13:48:16  PAGE 30


  C:2307H         PUBLIC        Queue_Read_Byte
  C:2838H         PUBLIC        _mcu_get_dp_download_value
  C:2148H         PUBLIC        _mcu_dp_string_update
  C:145FH         PUBLIC        _mcu_dp_fault_update
  C:20C2H         PUBLIC        _my_strlen
  C:1C6FH         PUBLIC        _mcu_dp_value_update
  C:207EH         PUBLIC        _my_strcmp
  C:0026H         PUBLIC        zigbee_protocol_init
  C:2826H         PUBLIC        _mcu_get_dp_download_bool
  C:0CADH         PUBLIC        zigbee_uart_service
  C:22CBH         PUBLIC        _my_strcpy
  C:237DH         PUBLIC        _mcu_dp_bool_update
  C:282FH         PUBLIC        _mcu_get_dp_download_enum
  C:2514H         PUBLIC        _mcu_dp_enum_update
  C:16B4H         SYMBOL        Com0075
  C:16B4H         SYMBOL        L?0118
  C:16CDH         SYMBOL        L?0119
  C:16D2H         SYMBOL        L?0120
  C:16D9H         SYMBOL        L?0123
  C:16E7H         SYMBOL        L?0124
  C:16F5H         SYMBOL        L?0125
  C:1703H         SYMBOL        L?0128
  C:1703H         SYMBOL        L?0129
  C:170AH         SYMBOL        L?0130
  C:170EH         SYMBOL        L?0131
  C:1710H         SYMBOL        L?0132
  C:1716H         SYMBOL        L?0135
  C:1716H         SYMBOL        L?0136
  C:171FH         SYMBOL        L?0137
  C:171FH         SYMBOL        L?0138
  C:1726H         SYMBOL        L?0139
  C:1733H         SYMBOL        L?0141
  C:173EH         SYMBOL        L?0144
  C:1749H         SYMBOL        L?0145
  C:1753H         SYMBOL        L?0146
  C:175DH         SYMBOL        L?0147
  C:1766H         SYMBOL        L?0148
  C:176FH         SYMBOL        L?0149
  -------         PROC          COM0075
  -------         ENDPROC       COM0075
  -------         PROC          _HEX_TO_BCD
  D:0007H         SYMBOL        Value_H
  D:0005H         SYMBOL        Value_L
  -------         DO            
  D:0007H         SYMBOL        bcd_value
  -------         ENDDO         
  C:1BFEH         LINE#         21
  C:1BFEH         LINE#         22
  C:1BFEH         LINE#         25
  C:1C0AH         LINE#         26
  C:1C0EH         LINE#         27
  C:1C10H         LINE#         28
  C:1C1CH         LINE#         29
  C:1C20H         LINE#         30
  C:1C22H         LINE#         31
  C:1C2EH         LINE#         32
  C:1C32H         LINE#         33
BL51 BANKED LINKER/LOCATER V6.22                                                      01/18/2021  13:48:16  PAGE 31


  C:1C32H         LINE#         35
  C:1C35H         LINE#         36
  C:1C39H         LINE#         38
  C:1C45H         LINE#         39
  C:1C49H         LINE#         40
  C:1C4BH         LINE#         41
  C:1C57H         LINE#         42
  C:1C57H         LINE#         43
  C:1C59H         LINE#         44
  C:1C65H         LINE#         45
  C:1C69H         LINE#         46
  C:1C69H         LINE#         48
  C:1C6EH         LINE#         50
  C:1C6EH         LINE#         51
  -------         ENDPROC       _HEX_TO_BCD
  -------         PROC          _MY_STRLEN
  D:001DH         SYMBOL        str
  -------         DO            
  D:0020H         SYMBOL        len
  -------         ENDDO         
  C:20C2H         LINE#         58
  C:20C8H         LINE#         59
  C:20C8H         LINE#         60
  C:20CBH         LINE#         61
  C:20D0H         LINE#         62
  C:20D5H         LINE#         63
  C:20D5H         LINE#         65
  C:20E2H         LINE#         66
  C:20FAH         LINE#         67
  C:20FCH         LINE#         69
  C:2104H         LINE#         70
  -------         ENDPROC       _MY_STRLEN
  -------         PROC          _MY_MEMSET
  D:001BH         SYMBOL        src
  D:0005H         SYMBOL        ch
  D:001FH         SYMBOL        count
  -------         DO            
  D:0021H         SYMBOL        tmp
  -------         ENDDO         
  C:23B5H         LINE#         79
  C:23BBH         LINE#         80
  C:23BBH         LINE#         81
  C:23C1H         LINE#         82
  C:23C6H         LINE#         83
  C:23CAH         LINE#         84
  C:23CAH         LINE#         86
  C:23D7H         LINE#         87
  C:23E0H         LINE#         88
  C:23E2H         LINE#         89
  C:23E8H         LINE#         90
  -------         ENDPROC       _MY_MEMSET
  -------         PROC          _MY_MEMCPY
  D:0024H         SYMBOL        dest
  D:0027H         SYMBOL        src
  D:002AH         SYMBOL        count
  -------         DO            
  D:002CH         SYMBOL        pdest
BL51 BANKED LINKER/LOCATER V6.22                                                      01/18/2021  13:48:16  PAGE 32


  D:002FH         SYMBOL        psrc
  D:0032H         SYMBOL        i
  -------         ENDDO         
  C:15EFH         LINE#         99
  C:15F5H         LINE#         100
  C:15F5H         LINE#         101
  C:15FBH         LINE#         102
  C:1604H         LINE#         105
  C:1611H         LINE#         106
  C:1618H         LINE#         107
  C:1618H         LINE#         109
  C:1642H         LINE#         110
  C:1652H         LINE#         111
  C:166AH         LINE#         112
  C:1674H         LINE#         113
  C:1674H         LINE#         114
  C:1674H         LINE#         115
  C:1685H         LINE#         116
  C:16A3H         LINE#         117
  C:16ADH         LINE#         118
  C:16ADH         LINE#         120
  C:16B3H         LINE#         121
  -------         ENDPROC       _MY_MEMCPY
  -------         PROC          _MY_STRCPY
  D:0048H         SYMBOL        dest
  D:004BH         SYMBOL        src
  -------         DO            
  D:004EH         SYMBOL        p
  -------         ENDDO         
  C:22CBH         LINE#         129
  C:22D1H         LINE#         130
  C:22D1H         LINE#         131
  C:22D7H         LINE#         132
  C:22E2H         LINE#         133
  C:22F4H         LINE#         134
  C:22F6H         LINE#         135
  C:2300H         LINE#         136
  C:2306H         LINE#         137
  -------         ENDPROC       _MY_STRCPY
  -------         PROC          _MY_STRCMP
  D:0058H         SYMBOL        s1
[...]
  C:259AH         PUBLIC        current_mcu_fw_pid
  D:003AH         PUBLIC        wakeup_flag
  D:00A8H         PUBLIC        IE
  D:003BH         PUBLIC        record_report_time_flag
  X:0042H         PUBLIC        ota_fw_info
  D:00F8H         PUBLIC        RSTFR
  C:1CDCH         PUBLIC        _zigbee_uart_write_frame
  C:25EDH         SYMBOL        seq_num_get
  C:1D3FH         PUBLIC        _strcmp_barry
  X:0051H         PUBLIC        zigbee_queue_buf
  D:003CH         PUBLIC        rx_in
  C:228EH         PUBLIC        _zigbee_uart_write_data
  D:003DH         PUBLIC        zigbee_work_state
  C:24E5H         PUBLIC        _set_zigbee_uart_buffer
  C:2804H         PUBLIC        mcu_join_zigbee
  D:0098H         PUBLIC        SCON
  D:0088H         PUBLIC        TCON
  C:281BH         PUBLIC        mcu_exit_zigbee
  C:21CEH         PUBLIC        get_current_mcu_fw_ver
  D:00B8H         PUBLIC        IE1
  C:2840H         PUBLIC        mcu_get_zigbee_state
  X:0072H         PUBLIC        current_mcu_pid
BL51 BANKED LINKER/LOCATER V6.22                                                      01/18/2021  13:48:16  PAGE 50


  X:007AH         SYMBOL        global_seq_num
  C:1EB9H         SYMBOL        _zigbee_data_point_handle
  C:2541H         PUBLIC        _get_check_sum
  D:003EH         PUBLIC        timestamp
  C:27F7H         PUBLIC        _set_zigbee_uart_byte
  D:0042H         PUBLIC        queue_in
  D:0045H         PUBLIC        queue_out
  C:0FA0H         PUBLIC        _data_handle
  C:23E9H         PUBLIC        _mcu_ota_result_report
  D:00D0H         PUBLIC        PSW
  C:18E0H         SYMBOL        product_info_update
  C:2638H         SYMBOL        Com0049
  C:2638H         SYMBOL        L?0074
  C:2646H         SYMBOL        L?0075
  C:2651H         SYMBOL        L?0076
  -------         PROC          COM0049
  -------         ENDPROC       COM0049
  -------         PROC          SEQ_NUM_GET
  C:25EDH         LINE#         68
  C:25EDH         LINE#         69
  C:25EDH         LINE#         70
  C:25F7H         LINE#         71
  C:2606H         LINE#         72
  C:260BH         LINE#         73
  C:260BH         LINE#         74
  C:2613H         LINE#         75
  -------         ENDPROC       SEQ_NUM_GET
  -------         PROC          _SET_ZIGBEE_UART_BYTE
  D:0006H         SYMBOL        dest
  D:0005H         SYMBOL        byte
  -------         DO            
  D:0001H         SYMBOL        obj
  -------         ENDDO         
  C:27F7H         LINE#         83
  C:27F7H         LINE#         84
  C:27F7H         LINE#         85
  C:27FAH         LINE#         87
  C:27FEH         LINE#         88
  C:2803H         LINE#         90
  C:2803H         LINE#         91
  -------         ENDPROC       _SET_ZIGBEE_UART_BYTE
  -------         PROC          _SET_ZIGBEE_UART_BUFFER
  D:001DH         SYMBOL        dest
  D:001FH         SYMBOL        src
  D:0022H         SYMBOL        len
  -------         DO            
  D:0001H         SYMBOL        obj
  -------         ENDDO         
  C:24E5H         LINE#         100
  C:24EFH         LINE#         101
  C:24EFH         LINE#         102
  C:24F2H         LINE#         104
  C:2504H         LINE#         106
  C:2510H         LINE#         107
  C:2513H         LINE#         108
  -------         ENDPROC       _SET_ZIGBEE_UART_BUFFER
  -------         PROC          _ZIGBEE_UART_WRITE_DATA
BL51 BANKED LINKER/LOCATER V6.22                                                      01/18/2021  13:48:16  PAGE 51


  D:0034H         SYMBOL        in
  D:0037H         SYMBOL        len
  C:228EH         LINE#         116
  C:2298H         LINE#         117
  C:2298H         LINE#         118
  C:22A3H         LINE#         120
  C:22A3H         LINE#         122
  C:22B0H         LINE#         123
  C:22BDH         LINE#         124
  C:22C8H         LINE#         125
  C:22CAH         LINE#         126
  -------         ENDPROC       _ZIGBEE_UART_WRITE_DATA
  -------         PROC          _GET_CHECK_SUM
  D:0034H         SYMBOL        pack
  D:0037H         SYMBOL        pack_len
  -------         DO            
  D:0004H         SYMBOL        i
  D:0007H         SYMBOL        check_sum
  -------         ENDDO         
  C:2541H         LINE#         134
  C:254BH         LINE#         135
  C:254BH         LINE#         137
  C:254DH         LINE#         139
  C:2558H         LINE#         140
  C:2566H         LINE#         141
  C:256DH         LINE#         143
  C:256DH         LINE#         144
  -------         ENDPROC       _GET_CHECK_SUM
  -------         PROC          _ZIGBEE_UART_WRITE_FRAME
  D:0003H         SYMBOL        fr_cmd
  D:0032H         SYMBOL        len
  -------         DO            
  D:0007H         SYMBOL        check_sum
  D:0004H         SYMBOL        seq
  -------         ENDDO         
  C:1CDCH         LINE#         152
  C:1CE2H         LINE#         153
  C:1CE2H         LINE#         154
  C:1CE4H         LINE#         157
  C:1CEAH         LINE#         158
  C:1CEEH         LINE#         159
  C:1CF2H         LINE#         162
  C:1CF5H         LINE#         163
  C:1CFAH         LINE#         164
  C:1CFDH         LINE#         167
  C:1D00H         LINE#         168
  C:1D04H         LINE#         169
  C:1D08H         LINE#         171
  C:1D11H         LINE#         173
  C:1D24H         LINE#         174
  C:1D32H         LINE#         176
  -------         ENDPROC       _ZIGBEE_UART_WRITE_FRAME
  C:194DH         SYMBOL        L?0068
  C:195BH         SYMBOL        L?0069
  C:1965H         SYMBOL        L?0070
  C:1973H         SYMBOL        L?0071
  -------         PROC          PRODUCT_INFO_UPDATE
BL51 BANKED LINKER/LOCATER V6.22                                                      01/18/2021  13:48:16  PAGE 52


  -------         DO            
  D:001BH         SYMBOL        length
  -------         ENDDO         
  C:18E0H         LINE#         184
  C:18E0H         LINE#         185
  C:18E0H         LINE#         186
  C:18E5H         LINE#         187
  C:18F3H         LINE#         188
  C:1901H         LINE#         189
  C:190FH         LINE#         190
  C:191DH         LINE#         191
  C:193BH         LINE#         192
  C:1944H         LINE#         193
  C:194DH         LINE#         194
  -------         ENDPROC       PRODUCT_INFO_UPDATE
  -------         PROC          _GET_DOWMLOAD_DPID_INDEX
  D:0022H         SYMBOL        dpid
  -------         DO            
  D:0006H         SYMBOL        index
  D:0007H         SYMBOL        total
  -------         ENDDO         
  C:265BH         LINE#         201
  C:265DH         LINE#         202
  C:265DH         LINE#         204
  C:2660H         LINE#         206
  C:2667H         LINE#         207
  C:2676H         LINE#         208
  C:2676H         LINE#         209
  C:2676H         LINE#         210
  C:2679H         LINE#         211
  C:267BH         LINE#         212
  -------         ENDPROC       _GET_DOWMLOAD_DPID_INDEX
  -------         PROC          _ZIGBEE_DATA_POINT_HANDLE
  D:001BH         SYMBOL        value
  -------         DO            
  D:001EH         SYMBOL        dp_id
  D:0007H         SYMBOL        index
  D:001FH         SYMBOL        dp_type
  D:0007H         SYMBOL        ret
  D:0020H         SYMBOL        dp_len
  -------         ENDDO         
  C:1EB9H         LINE#         219
  C:1EBFH         LINE#         220
  C:1EBFH         LINE#         226
  C:1EC4H         LINE#         227
  C:1ECCH         LINE#         228
  C:1ED7H         LINE#         229
  C:1EE6H         LINE#         232
  C:1EEBH         LINE#         234
  C:1EFAH         LINE#         235
  C:1EFDH         LINE#         236
  C:1EFDH         LINE#         237
  C:1EFDH         LINE#         238
  C:1F13H         LINE#         239
  C:1F13H         LINE#         241
  C:1F13H         LINE#         242
  -------         ENDPROC       _ZIGBEE_DATA_POINT_HANDLE
BL51 BANKED LINKER/LOCATER V6.22                                                      01/18/2021  13:48:16  PAGE 53


  -------         PROC          _DATA_HANDLE
  D:0011H         SYMBOL        offset
  -------         DO            
  D:0005H         SYMBOL        cmd_type
  D:0013H         SYMBOL        total_len
  D:0006H         SYMBOL        seq_num
  D:0015H         SYMBOL        dp_len
  D:0017H         SYMBOL        ret
  D:0018H         SYMBOL        i
  -------         DO            
  D:001AH         SYMBOL        current_state
  -------         ENDDO         
  -------         ENDDO         
  C:0FA0H         LINE#         249
  C:0FA4H         LINE#         250
  C:0FA4H         LINE#         251
  C:0FA5H         LINE#         252
  C:0FA9H         LINE#         257
  C:0FB7H         LINE#         259
  C:0FC9H         LINE#         260
  C:0FDFH         LINE#         262
  C:0FEFH         LINE#         263
  C:1001H         LINE#         265
  C:1033H         LINE#         266
  C:1033H         LINE#         267
  C:1033H         LINE#         268
  C:1036H         LINE#         269
  C:1036H         LINE#         270
  C:1039H         LINE#         272
  C:1039H         LINE#         273
  C:103EH         LINE#         274
  C:1042H         LINE#         275
  C:1042H         LINE#         276
  C:1045H         LINE#         278
  C:1045H         LINE#         279
  C:104CH         LINE#         280
  C:104CH         LINE#         281
  C:104FH         LINE#         283
  C:104FH         LINE#         284
  C:105FH         LINE#         285
  C:1079H         LINE#         286
  C:108DH         LINE#         287
  C:10A6H         LINE#         289
  C:10A6H         LINE#         291
  C:10A6H         LINE#         292
  C:10A6H         LINE#         294
  C:10A6H         LINE#         295
  C:10B9H         LINE#         296
  C:10BBH         LINE#         297
  C:10BBH         LINE#         298
  C:10BBH         LINE#         299
  C:10BBH         LINE#         301
  C:10BBH         LINE#         302
  C:10BBH         LINE#         304
  C:10BBH         LINE#         305
  C:10BBH         LINE#         307
  C:10BBH         LINE#         309
BL51 BANKED LINKER/LOCATER V6.22                                                      01/18/2021  13:48:16  PAGE 54


  C:10BBH         LINE#         310
  C:10BBH         LINE#         312
  C:10BBH         LINE#         314
  C:10BBH         LINE#         315
  C:10BBH         LINE#         317
  C:10BBH         LINE#         319
  C:10BBH         LINE#         320
  C:10BBH         LINE#         322
  C:10BBH         LINE#         323
  C:10BEH         LINE#         324
  C:10BEH         LINE#         325
  C:10C0H         LINE#         327
  C:10C0H         LINE#         328
  C:10C5H         LINE#         329
  C:10C5H         LINE#         330
  C:10C7H         LINE#         332
  C:10C7H         LINE#         333
  C:10CCH         LINE#         334
  C:10CCH         LINE#         335
  C:10CEH         LINE#         337
  C:10CEH         LINE#         338
  C:10CEH         LINE#         342
  C:10CEH         LINE#         343
  C:10CEH         LINE#         345
  C:10CEH         LINE#         349
  C:10CEH         LINE#         350
  C:10CEH         LINE#         352
  C:10CEH         LINE#         353
  C:10D2H         LINE#         354
  C:10D2H         LINE#         355
  C:10E3H         LINE#         356
  C:10E7H         LINE#         357
  -------         ENDPROC       _DATA_HANDLE
  -------         PROC          MCU_EXIT_ZIGBEE
  -------         DO            
  D:0004H         SYMBOL        length
  -------         ENDDO         
  C:281BH         LINE#         364
  C:281BH         LINE#         365
  C:281BH         LINE#         366
  C:281EH         LINE#         367
  C:2820H         LINE#         368
  -------         ENDPROC       MCU_EXIT_ZIGBEE
  -------         PROC          MCU_JOIN_ZIGBEE
  -------         DO            
  D:0004H         SYMBOL        length
  -------         ENDDO         
  C:2804H         LINE#         376
  C:2804H         LINE#         377
  C:2804H         LINE#         378
  C:2807H         LINE#         379
  C:280AH         LINE#         380
  -------         ENDPROC       MCU_JOIN_ZIGBEE
  -------         PROC          MCU_GET_ZIGBEE_STATE
  C:2840H         LINE#         388
  C:2840H         LINE#         389
  C:2840H         LINE#         390
BL51 BANKED LINKER/LOCATER V6.22                                                      01/18/2021  13:48:16  PAGE 55


  -------         ENDPROC       MCU_GET_ZIGBEE_STATE
  -------         PROC          CURRENT_MCU_FW_PID
  -------         DO            
  D:0007H         SYMBOL        i
  D:0020H         SYMBOL        fw_pid
  -------         ENDDO         
  C:259AH         LINE#         574
  C:259AH         LINE#         575
  C:259AH         LINE#         576
  C:259CH         LINE#         577
  C:25A5H         LINE#         579
  C:25A5H         LINE#         580
  C:25C0H         LINE#         581
  C:25C1H         LINE#         582
  C:25C4H         LINE#         583
  -------         ENDPROC       CURRENT_MCU_FW_PID
  C:2202H         SYMBOL        L?0072
  -------         PROC          GET_CURRENT_MCU_FW_VER
  -------         DO            
  D:0020H         SYMBOL        fw_ver
  D:0023H         SYMBOL        current_mcu_fw_ver
  -------         ENDDO         
  C:21CEH         LINE#         590
  C:21CEH         LINE#         591
  C:21CEH         LINE#         592
  C:21DAH         LINE#         593
  C:21DDH         LINE#         594
  C:21ECH         LINE#         595
  C:21F7H         LINE#         596
  C:21FFH         LINE#         597
  C:2201H         LINE#         598
  -------         ENDPROC       GET_CURRENT_MCU_FW_VER
  -------         PROC          _MCU_OTA_RESULT_REPORT
  D:0003H         SYMBOL        status
  -------         DO            
  D:0006H         SYMBOL        length
  D:0004H         SYMBOL        i
  -------         ENDDO         
  C:23E9H         LINE#         608
  C:23EBH         LINE#         609
  C:23EBH         LINE#         610
  C:23EEH         LINE#         611
  C:23EFH         LINE#         613
  C:23F4H         LINE#         614
  C:23FAH         LINE#         615
  C:2409H         LINE#         616
  C:240AH         LINE#         617
  C:240CH         LINE#         618
  C:2414H         LINE#         620
  -------         ENDPROC       _MCU_OTA_RESULT_REPORT
  -------         PROC          _STRCMP_BARRY
  D:0020H         SYMBOL        str1
  D:0023H         SYMBOL        str2
  -------         DO            
  D:0006H         SYMBOL        ret
  -------         ENDDO         
  C:1D3FH         LINE#         631
BL51 BANKED LINKER/LOCATER V6.22                                                      01/18/2021  13:48:16  PAGE 56


  C:1D45H         LINE#         632
  C:1D45H         LINE#         633
  C:1D45H         LINE#         634
  C:1D68H         LINE#         635
  C:1D73H         LINE#         636
  C:1D7EH         LINE#         637
  C:1D80H         LINE#         638
  C:1D88H         LINE#         639
  C:1D8DH         LINE#         640
  C:1D98H         LINE#         641
  C:1D9DH         LINE#         642
  C:1DA0H         LINE#         643
  -------         ENDPROC       _STRCMP_BARRY
  -------         PROC          _ASSIC_TO_HEX
  D:0007H         SYMBOL        assic_num
  C:2790H         LINE#         650
  C:2790H         LINE#         651
  C:2790H         LINE#         652
  C:279BH         LINE#         653
  C:279EH         LINE#         655
  C:27A5H         LINE#         656
  -------         ENDPROC       _ASSIC_TO_HEX
  -------         ENDMOD        SYSTEM

  -------         MODULE        ?C?FPADD
  C:0045H         PUBLIC        ?C?FPADD
  C:0041H         PUBLIC        ?C?FPSUB
  -------         ENDMOD        ?C?FPADD

  -------         MODULE        ?C?FPDIV
  C:0139H         PUBLIC        ?C?FPDIV
  -------         ENDMOD        ?C?FPDIV

  -------         MODULE        ?C?FCAST
  C:01E0H         PUBLIC        ?C?FCASTC
  C:01DBH         PUBLIC        ?C?FCASTI
  C:01D6H         PUBLIC        ?C?FCASTL
  -------         ENDMOD        ?C?FCAST

  -------         MODULE        ?C?CASTF
  C:0214H         PUBLIC        ?C?CASTF
  -------         ENDMOD        ?C?CASTF

  -------         MODULE        ?C?CLDPTR
  C:0295H         PUBLIC        ?C?CLDPTR
  -------         ENDMOD        ?C?CLDPTR

  -------         MODULE        ?C?CLDOPTR
  C:02AEH         PUBLIC        ?C?CLDOPTR
  -------         ENDMOD        ?C?CLDOPTR

  -------         MODULE        ?C?CSTPTR
  C:02DBH         PUBLIC        ?C?CSTPTR
  -------         ENDMOD        ?C?CSTPTR

  -------         MODULE        ?C?CSTOPTR
  C:02EDH         PUBLIC        ?C?CSTOPTR
BL51 BANKED LINKER/LOCATER V6.22                                                      01/18/2021  13:48:16  PAGE 57


  -------         ENDMOD        ?C?CSTOPTR

  -------         MODULE        ?C?IMUL
  C:030FH         PUBLIC        ?C?IMUL
  -------         ENDMOD        ?C?IMUL

  -------         MODULE        ?C?IILDX
  C:0321H         PUBLIC        ?C?IILDX
  -------         ENDMOD        ?C?IILDX

  -------         MODULE        ?C?LADD
  C:0337H         PUBLIC        ?C?LADD
  -------         ENDMOD        ?C?LADD

  -------         MODULE        ?C?LSUB
  C:0344H         PUBLIC        ?C?LSUB
  -------         ENDMOD        ?C?LSUB

  -------         MODULE        ?C?LMUL
  C:0352H         PUBLIC        ?C?LMUL
  -------         ENDMOD        ?C?LMUL

  -------         MODULE        ?C?ULDIV
  C:03DDH         PUBLIC        ?C?ULDIV
  -------         ENDMOD        ?C?ULDIV

  -------         MODULE        ?C?LNEG
  C:046FH         PUBLIC        ?C?LNEG
  -------         ENDMOD        ?C?LNEG

  -------         MODULE        ?C?SLCMP
  C:047DH         PUBLIC        ?C?SLCMP
  -------         ENDMOD        ?C?SLCMP

  -------         MODULE        ?C?ULCMP
  C:0493H         PUBLIC        ?C?ULCMP
  -------         ENDMOD        ?C?ULCMP

  -------         MODULE        ?C?ULSHR
  C:04A4H         PUBLIC        ?C?ULSHR
  -------         ENDMOD        ?C?ULSHR

  -------         MODULE        ?C?LSHL
  C:04B7H         PUBLIC        ?C?LSHL
  -------         ENDMOD        ?C?LSHL

  -------         MODULE        ?C?LLDXDATA
  C:04CAH         PUBLIC        ?C?LLDXDATA
  -------         ENDMOD        ?C?LLDXDATA

  -------         MODULE        ?C?LLDXDATA0
  C:04D6H         PUBLIC        ?C?LLDXDATA0
  -------         ENDMOD        ?C?LLDXDATA0

  -------         MODULE        ?C?LSTXDATA
  C:04E2H         PUBLIC        ?C?LSTXDATA
  -------         ENDMOD        ?C?LSTXDATA
BL51 BANKED LINKER/LOCATER V6.22                                                      01/18/2021  13:48:16  PAGE 58



  -------         MODULE        ?C?LSTKXDATA
  C:04EEH         PUBLIC        ?C?LSTKXDATA
  -------         ENDMOD        ?C?LSTKXDATA

  -------         MODULE        ?C?OFFXADD
  C:051FH         PUBLIC        ?C?OFFXADD
  -------         ENDMOD        ?C?OFFXADD

  -------         MODULE        ?C?PLDIIDATA
  C:052BH         PUBLIC        ?C?PLDIIDATA
  -------         ENDMOD        ?C?PLDIIDATA

  -------         MODULE        ?C?CCASE
  C:053BH         PUBLIC        ?C?CCASE
  -------         ENDMOD        ?C?CCASE

Program Size: data=140.0 xdata=314 code=10421
LINK/LOCATE RUN COMPLETE.  0 WARNING(S),  0 ERROR(S)
